
Setting up data processing for run 0...
Dataset({
    features: ['question', 'answer'],
    num_rows: 1319
})
{'question': "Janet’s ducks lay 16 eggs per day. She eats three for breakfast every morning and bakes muffins for her friends every day with four. She sells the remainder at the farmers' market daily for $2 per fresh duck egg. How much in dollars does she make every day at the farmers' market?", 'answer': 'Janet sells 16 - 3 - 4 = <<16-3-4=9>>9 duck eggs a day.\nShe makes 9 * 2 = $<<9*2=18>>18 every day at the farmer’s market.\n#### 18'}
Setting up model for run 0...
Loading model from facebook/opt-125m...
Preparing for patch training...
Starting patch training with patch_size=4, lambda_ratio=0.75
Starting Phase 1: Patch Training (patch_size=4) for 2 epochs
{'loss': 30.2197, 'grad_norm': 90.94149780273438, 'learning_rate': 1.8e-05, 'epoch': 0.04}
{'loss': 25.9877, 'grad_norm': 45.893070220947266, 'learning_rate': 3.8e-05, 'epoch': 0.09}
{'loss': 24.6854, 'grad_norm': 26.517702102661133, 'learning_rate': 5.8e-05, 'epoch': 0.13}
{'loss': 23.5619, 'grad_norm': 26.581010818481445, 'learning_rate': 7.800000000000001e-05, 'epoch': 0.17}
{'loss': 22.6777, 'grad_norm': 27.1584415435791, 'learning_rate': 9.8e-05, 'epoch': 0.21}
{'loss': 21.8691, 'grad_norm': 24.214792251586914, 'learning_rate': 0.000118, 'epoch': 0.26}
{'loss': 21.1928, 'grad_norm': 21.83870506286621, 'learning_rate': 0.000138, 'epoch': 0.3}
{'loss': 20.6301, 'grad_norm': 24.413719177246094, 'learning_rate': 0.00015800000000000002, 'epoch': 0.34}
{'loss': 20.3735, 'grad_norm': 23.622453689575195, 'learning_rate': 0.00017800000000000002, 'epoch': 0.39}
{'loss': 20.0072, 'grad_norm': 23.17947769165039, 'learning_rate': 0.00019800000000000002, 'epoch': 0.43}
{'loss': 19.8835, 'grad_norm': 20.08201026916504, 'learning_rate': 0.0001951086956521739, 'epoch': 0.47}
{'loss': 19.7122, 'grad_norm': 21.24204444885254, 'learning_rate': 0.0001896739130434783, 'epoch': 0.51}
{'loss': 19.4904, 'grad_norm': 18.475852966308594, 'learning_rate': 0.00018423913043478263, 'epoch': 0.56}
{'loss': 19.1993, 'grad_norm': 15.532876014709473, 'learning_rate': 0.00017880434782608696, 'epoch': 0.6}
{'loss': 19.1546, 'grad_norm': 18.392148971557617, 'learning_rate': 0.00017336956521739132, 'epoch': 0.64}
{'loss': 18.9675, 'grad_norm': 18.600374221801758, 'learning_rate': 0.00016793478260869566, 'epoch': 0.68}
{'loss': 18.9271, 'grad_norm': 20.169925689697266, 'learning_rate': 0.00016250000000000002, 'epoch': 0.73}
{'loss': 18.6794, 'grad_norm': 21.330638885498047, 'learning_rate': 0.00015706521739130435, 'epoch': 0.77}
{'loss': 18.8049, 'grad_norm': 17.66992950439453, 'learning_rate': 0.0001516304347826087, 'epoch': 0.81}
{'loss': 18.7855, 'grad_norm': 21.776065826416016, 'learning_rate': 0.00014619565217391305, 'epoch': 0.86}
{'eval_loss': 4.606003284454346, 'eval_runtime': 5.908, 'eval_samples_per_second': 223.257, 'eval_steps_per_second': 27.928, 'epoch': 0.86}
{'loss': 18.744, 'grad_norm': 17.2443904876709, 'learning_rate': 0.00014076086956521739, 'epoch': 0.9}
{'loss': 18.4332, 'grad_norm': 17.496166229248047, 'learning_rate': 0.00013532608695652175, 'epoch': 0.94}
{'loss': 18.2505, 'grad_norm': 19.480243682861328, 'learning_rate': 0.0001298913043478261, 'epoch': 0.98}
{'loss': 17.4835, 'grad_norm': 16.50238609313965, 'learning_rate': 0.00012445652173913044, 'epoch': 1.03}
{'loss': 17.57, 'grad_norm': 17.44772720336914, 'learning_rate': 0.00011902173913043479, 'epoch': 1.07}
{'loss': 17.6789, 'grad_norm': 17.484893798828125, 'learning_rate': 0.00011358695652173914, 'epoch': 1.11}
{'loss': 17.4199, 'grad_norm': 15.413954734802246, 'learning_rate': 0.00010815217391304349, 'epoch': 1.15}
{'loss': 17.4155, 'grad_norm': 16.093482971191406, 'learning_rate': 0.00010271739130434784, 'epoch': 1.2}
{'loss': 17.3442, 'grad_norm': 18.255168914794922, 'learning_rate': 9.728260869565217e-05, 'epoch': 1.24}
{'loss': 17.3171, 'grad_norm': 16.090179443359375, 'learning_rate': 9.184782608695652e-05, 'epoch': 1.28}
{'loss': 17.1917, 'grad_norm': 15.451956748962402, 'learning_rate': 8.641304347826087e-05, 'epoch': 1.33}
{'loss': 17.2021, 'grad_norm': 15.640870094299316, 'learning_rate': 8.097826086956523e-05, 'epoch': 1.37}
{'loss': 17.0864, 'grad_norm': 15.307908058166504, 'learning_rate': 7.554347826086957e-05, 'epoch': 1.41}
{'loss': 17.1519, 'grad_norm': 16.874181747436523, 'learning_rate': 7.010869565217391e-05, 'epoch': 1.45}
{'loss': 17.1849, 'grad_norm': 17.73771095275879, 'learning_rate': 6.467391304347826e-05, 'epoch': 1.5}
{'loss': 17.0033, 'grad_norm': 16.354440689086914, 'learning_rate': 5.923913043478261e-05, 'epoch': 1.54}
{'loss': 17.1715, 'grad_norm': 16.059608459472656, 'learning_rate': 5.380434782608695e-05, 'epoch': 1.58}
{'loss': 16.7935, 'grad_norm': 16.927474975585938, 'learning_rate': 4.836956521739131e-05, 'epoch': 1.62}
{'loss': 16.984, 'grad_norm': 16.42038345336914, 'learning_rate': 4.2934782608695655e-05, 'epoch': 1.67}
{'loss': 16.9569, 'grad_norm': 15.334481239318848, 'learning_rate': 3.7500000000000003e-05, 'epoch': 1.71}
{'eval_loss': 4.334120273590088, 'eval_runtime': 5.8386, 'eval_samples_per_second': 225.909, 'eval_steps_per_second': 28.26, 'epoch': 1.71}
{'loss': 16.8603, 'grad_norm': 15.047504425048828, 'learning_rate': 3.2065217391304345e-05, 'epoch': 1.75}
{'loss': 16.9223, 'grad_norm': 13.70406723022461, 'learning_rate': 2.66304347826087e-05, 'epoch': 1.8}
{'loss': 16.9662, 'grad_norm': 14.194599151611328, 'learning_rate': 2.1195652173913045e-05, 'epoch': 1.84}
{'loss': 16.6937, 'grad_norm': 14.916970252990723, 'learning_rate': 1.5760869565217393e-05, 'epoch': 1.88}
{'loss': 16.9105, 'grad_norm': 14.384799003601074, 'learning_rate': 1.032608695652174e-05, 'epoch': 1.92}
{'loss': 16.7983, 'grad_norm': 17.060258865356445, 'learning_rate': 4.891304347826087e-06, 'epoch': 1.97}
{'train_runtime': 235.5193, 'train_samples_per_second': 63.46, 'train_steps_per_second': 1.987, 'train_loss': 18.917774885128704, 'epoch': 2.0}
Starting Phase 2: Standard Training (patch_size=1) for 1 epochs
{'loss': 4.9067, 'grad_norm': 8.690092086791992, 'learning_rate': 1.8e-05, 'epoch': 0.04}
{'loss': 3.6291, 'grad_norm': 4.937920093536377, 'learning_rate': 3.8e-05, 'epoch': 0.09}
{'loss': 2.919, 'grad_norm': 4.474202632904053, 'learning_rate': 5.8e-05, 'epoch': 0.13}
{'loss': 2.5335, 'grad_norm': 3.8378939628601074, 'learning_rate': 7.800000000000001e-05, 'epoch': 0.17}
{'loss': 2.3781, 'grad_norm': 4.960738658905029, 'learning_rate': 9.8e-05, 'epoch': 0.21}
{'loss': 2.2527, 'grad_norm': 4.12153959274292, 'learning_rate': 0.000118, 'epoch': 0.26}
{'loss': 2.1635, 'grad_norm': 4.375159740447998, 'learning_rate': 0.000138, 'epoch': 0.3}
{'loss': 2.0349, 'grad_norm': 5.23441743850708, 'learning_rate': 0.00015800000000000002, 'epoch': 0.34}
{'loss': 1.9875, 'grad_norm': 3.648256540298462, 'learning_rate': 0.00017800000000000002, 'epoch': 0.39}
{'loss': 1.9615, 'grad_norm': 4.547027111053467, 'learning_rate': 0.00019800000000000002, 'epoch': 0.43}
{'loss': 1.9372, 'grad_norm': 3.95823335647583, 'learning_rate': 0.00018656716417910448, 'epoch': 0.47}
{'loss': 1.896, 'grad_norm': 4.273483753204346, 'learning_rate': 0.00017164179104477614, 'epoch': 0.51}
{'loss': 1.8719, 'grad_norm': 3.908843994140625, 'learning_rate': 0.00015671641791044778, 'epoch': 0.56}
{'loss': 1.7834, 'grad_norm': 3.6077663898468018, 'learning_rate': 0.00014179104477611942, 'epoch': 0.6}
{'loss': 1.7808, 'grad_norm': 3.1761462688446045, 'learning_rate': 0.00012686567164179105, 'epoch': 0.64}
{'loss': 1.7548, 'grad_norm': 3.2729105949401855, 'learning_rate': 0.00011194029850746269, 'epoch': 0.68}
{'loss': 1.7179, 'grad_norm': 3.6420764923095703, 'learning_rate': 9.701492537313434e-05, 'epoch': 0.73}
{'loss': 1.671, 'grad_norm': 2.9275095462799072, 'learning_rate': 8.208955223880597e-05, 'epoch': 0.77}
{'loss': 1.7263, 'grad_norm': 2.7036702632904053, 'learning_rate': 6.716417910447762e-05, 'epoch': 0.81}
{'loss': 1.7013, 'grad_norm': 3.0790555477142334, 'learning_rate': 5.223880597014925e-05, 'epoch': 0.86}
{'eval_loss': 1.663927435874939, 'eval_runtime': 22.8641, 'eval_samples_per_second': 57.689, 'eval_steps_per_second': 7.217, 'epoch': 0.86}
{'loss': 1.6899, 'grad_norm': 2.778041362762451, 'learning_rate': 3.73134328358209e-05, 'epoch': 0.9}
{'loss': 1.6211, 'grad_norm': 2.531780242919922, 'learning_rate': 2.238805970149254e-05, 'epoch': 0.94}
{'loss': 1.6048, 'grad_norm': 2.8333847522735596, 'learning_rate': 7.4626865671641785e-06, 'epoch': 0.98}
{'train_runtime': 406.6282, 'train_samples_per_second': 18.378, 'train_steps_per_second': 0.575, 'train_loss': 2.143949592215383, 'epoch': 1.0}
Evaluating model for run 0...

Metrics for run 1 (seed 0):
rouge1: 0.2811
rouge2: 0.1049
rougeL: 0.2111
rougeLsum: 0.2633
average_perplexity: 28175.4073
average_loss: 10.2462
==============================================

Setting up data processing for run 1...
Dataset({
    features: ['question', 'answer'],
    num_rows: 1319
})
{'question': "Janet’s ducks lay 16 eggs per day. She eats three for breakfast every morning and bakes muffins for her friends every day with four. She sells the remainder at the farmers' market daily for $2 per fresh duck egg. How much in dollars does she make every day at the farmers' market?", 'answer': 'Janet sells 16 - 3 - 4 = <<16-3-4=9>>9 duck eggs a day.\nShe makes 9 * 2 = $<<9*2=18>>18 every day at the farmer’s market.\n#### 18'}
Setting up model for run 1...
Loading model from facebook/opt-125m...
Preparing for patch training...
Starting patch training with patch_size=4, lambda_ratio=0.75
Starting Phase 1: Patch Training (patch_size=4) for 2 epochs
{'loss': 30.1015, 'grad_norm': 92.48660278320312, 'learning_rate': 1.8e-05, 'epoch': 0.04}
{'loss': 25.7919, 'grad_norm': 55.12201690673828, 'learning_rate': 3.8e-05, 'epoch': 0.09}
{'loss': 24.359, 'grad_norm': 35.678558349609375, 'learning_rate': 5.8e-05, 'epoch': 0.13}
{'loss': 23.0264, 'grad_norm': 29.234745025634766, 'learning_rate': 7.800000000000001e-05, 'epoch': 0.17}
{'loss': 21.943, 'grad_norm': 39.19850158691406, 'learning_rate': 9.8e-05, 'epoch': 0.21}
{'loss': 20.839, 'grad_norm': 38.91965103149414, 'learning_rate': 0.000118, 'epoch': 0.26}
{'loss': 20.1885, 'grad_norm': 29.76997184753418, 'learning_rate': 0.000138, 'epoch': 0.3}
{'loss': 19.5895, 'grad_norm': 30.22178840637207, 'learning_rate': 0.00015800000000000002, 'epoch': 0.34}
{'loss': 19.1934, 'grad_norm': 25.817481994628906, 'learning_rate': 0.00017800000000000002, 'epoch': 0.39}
{'loss': 18.8821, 'grad_norm': 26.276643753051758, 'learning_rate': 0.00019800000000000002, 'epoch': 0.43}
{'loss': 18.6614, 'grad_norm': 26.14642333984375, 'learning_rate': 0.0001951086956521739, 'epoch': 0.47}
{'loss': 18.5589, 'grad_norm': 24.70531463623047, 'learning_rate': 0.0001896739130434783, 'epoch': 0.51}
{'loss': 18.2541, 'grad_norm': 22.359073638916016, 'learning_rate': 0.00018423913043478263, 'epoch': 0.56}
{'loss': 17.9062, 'grad_norm': 22.03594398498535, 'learning_rate': 0.00017880434782608696, 'epoch': 0.6}
{'loss': 17.9046, 'grad_norm': 20.630504608154297, 'learning_rate': 0.00017336956521739132, 'epoch': 0.64}
{'loss': 17.6599, 'grad_norm': 19.953603744506836, 'learning_rate': 0.00016793478260869566, 'epoch': 0.68}
{'loss': 17.4997, 'grad_norm': 20.367155075073242, 'learning_rate': 0.00016250000000000002, 'epoch': 0.73}
{'loss': 17.3183, 'grad_norm': 22.576601028442383, 'learning_rate': 0.00015706521739130435, 'epoch': 0.77}
{'loss': 17.467, 'grad_norm': 22.18708038330078, 'learning_rate': 0.0001516304347826087, 'epoch': 0.81}
{'loss': 17.3854, 'grad_norm': 22.52849769592285, 'learning_rate': 0.00014619565217391305, 'epoch': 0.86}
{'eval_loss': 4.237203121185303, 'eval_runtime': 6.0968, 'eval_samples_per_second': 216.343, 'eval_steps_per_second': 27.063, 'epoch': 0.86}
{'loss': 17.3517, 'grad_norm': 18.252456665039062, 'learning_rate': 0.00014076086956521739, 'epoch': 0.9}
{'loss': 17.0301, 'grad_norm': 18.93485450744629, 'learning_rate': 0.00013532608695652175, 'epoch': 0.94}
{'loss': 16.8424, 'grad_norm': 21.406089782714844, 'learning_rate': 0.0001298913043478261, 'epoch': 0.98}
{'loss': 16.226, 'grad_norm': 24.891855239868164, 'learning_rate': 0.00012445652173913044, 'epoch': 1.03}
{'loss': 16.1879, 'grad_norm': 17.70465660095215, 'learning_rate': 0.00011902173913043479, 'epoch': 1.07}
{'loss': 16.3031, 'grad_norm': 19.72039031982422, 'learning_rate': 0.00011358695652173914, 'epoch': 1.11}
{'loss': 16.0392, 'grad_norm': 18.815330505371094, 'learning_rate': 0.00010815217391304349, 'epoch': 1.15}
{'loss': 15.9961, 'grad_norm': 18.286550521850586, 'learning_rate': 0.00010271739130434784, 'epoch': 1.2}
{'loss': 15.8855, 'grad_norm': 18.867725372314453, 'learning_rate': 9.728260869565217e-05, 'epoch': 1.24}
{'loss': 15.8881, 'grad_norm': 18.028867721557617, 'learning_rate': 9.184782608695652e-05, 'epoch': 1.28}
{'loss': 15.7935, 'grad_norm': 19.170297622680664, 'learning_rate': 8.641304347826087e-05, 'epoch': 1.33}
{'loss': 15.8074, 'grad_norm': 20.46438980102539, 'learning_rate': 8.097826086956523e-05, 'epoch': 1.37}
{'loss': 15.7215, 'grad_norm': 18.892518997192383, 'learning_rate': 7.554347826086957e-05, 'epoch': 1.41}
{'loss': 15.7281, 'grad_norm': 19.187480926513672, 'learning_rate': 7.010869565217391e-05, 'epoch': 1.45}
{'loss': 15.8067, 'grad_norm': 22.035367965698242, 'learning_rate': 6.467391304347826e-05, 'epoch': 1.5}
{'loss': 15.5827, 'grad_norm': 17.52538299560547, 'learning_rate': 5.923913043478261e-05, 'epoch': 1.54}
{'loss': 15.7909, 'grad_norm': 18.851591110229492, 'learning_rate': 5.380434782608695e-05, 'epoch': 1.58}
{'loss': 15.4101, 'grad_norm': 17.775930404663086, 'learning_rate': 4.836956521739131e-05, 'epoch': 1.62}
{'loss': 15.5676, 'grad_norm': 19.23581886291504, 'learning_rate': 4.2934782608695655e-05, 'epoch': 1.67}
{'loss': 15.5415, 'grad_norm': 15.98692512512207, 'learning_rate': 3.7500000000000003e-05, 'epoch': 1.71}
{'eval_loss': 3.963782787322998, 'eval_runtime': 6.08, 'eval_samples_per_second': 216.942, 'eval_steps_per_second': 27.138, 'epoch': 1.71}
{'loss': 15.428, 'grad_norm': 16.97534942626953, 'learning_rate': 3.2065217391304345e-05, 'epoch': 1.75}
{'loss': 15.5019, 'grad_norm': 15.711124420166016, 'learning_rate': 2.66304347826087e-05, 'epoch': 1.8}
{'loss': 15.523, 'grad_norm': 16.109277725219727, 'learning_rate': 2.1195652173913045e-05, 'epoch': 1.84}
{'loss': 15.2625, 'grad_norm': 15.743648529052734, 'learning_rate': 1.5760869565217393e-05, 'epoch': 1.88}
{'loss': 15.4771, 'grad_norm': 15.49465560913086, 'learning_rate': 1.032608695652174e-05, 'epoch': 1.92}
{'loss': 15.3835, 'grad_norm': 17.06660270690918, 'learning_rate': 4.891304347826087e-06, 'epoch': 1.97}
{'train_runtime': 241.83, 'train_samples_per_second': 61.804, 'train_steps_per_second': 1.935, 'train_loss': 17.6818784567026, 'epoch': 2.0}
Starting Phase 2: Standard Training (patch_size=1) for 1 epochs
{'loss': 3.806, 'grad_norm': 7.700675964355469, 'learning_rate': 1.8e-05, 'epoch': 0.04}
{'loss': 2.9569, 'grad_norm': 5.00984001159668, 'learning_rate': 3.8e-05, 'epoch': 0.09}
{'loss': 2.5573, 'grad_norm': 4.432828903198242, 'learning_rate': 5.8e-05, 'epoch': 0.13}
{'loss': 2.2845, 'grad_norm': 3.648153305053711, 'learning_rate': 7.800000000000001e-05, 'epoch': 0.17}
{'loss': 2.1783, 'grad_norm': 4.860689640045166, 'learning_rate': 9.8e-05, 'epoch': 0.21}
{'loss': 2.0869, 'grad_norm': 4.237484931945801, 'learning_rate': 0.000118, 'epoch': 0.26}
{'loss': 2.0205, 'grad_norm': 4.745189189910889, 'learning_rate': 0.000138, 'epoch': 0.3}
{'loss': 1.92, 'grad_norm': 5.161894798278809, 'learning_rate': 0.00015800000000000002, 'epoch': 0.34}
{'loss': 1.8938, 'grad_norm': 3.882711887359619, 'learning_rate': 0.00017800000000000002, 'epoch': 0.39}
{'loss': 1.8755, 'grad_norm': 4.184659481048584, 'learning_rate': 0.00019800000000000002, 'epoch': 0.43}
{'loss': 1.8615, 'grad_norm': 3.9547924995422363, 'learning_rate': 0.00018656716417910448, 'epoch': 0.47}
{'loss': 1.8361, 'grad_norm': 4.139829158782959, 'learning_rate': 0.00017164179104477614, 'epoch': 0.51}
{'loss': 1.8079, 'grad_norm': 3.3809092044830322, 'learning_rate': 0.00015671641791044778, 'epoch': 0.56}
{'loss': 1.7308, 'grad_norm': 3.264950752258301, 'learning_rate': 0.00014179104477611942, 'epoch': 0.6}
{'loss': 1.727, 'grad_norm': 3.292597532272339, 'learning_rate': 0.00012686567164179105, 'epoch': 0.64}
{'loss': 1.704, 'grad_norm': 3.174184799194336, 'learning_rate': 0.00011194029850746269, 'epoch': 0.68}
{'loss': 1.6655, 'grad_norm': 3.4636220932006836, 'learning_rate': 9.701492537313434e-05, 'epoch': 0.73}
{'loss': 1.6224, 'grad_norm': 3.1834256649017334, 'learning_rate': 8.208955223880597e-05, 'epoch': 0.77}
{'loss': 1.6855, 'grad_norm': 2.7575366497039795, 'learning_rate': 6.716417910447762e-05, 'epoch': 0.81}
{'loss': 1.6608, 'grad_norm': 2.945984363555908, 'learning_rate': 5.223880597014925e-05, 'epoch': 0.86}
{'eval_loss': 1.6307857036590576, 'eval_runtime': 22.8546, 'eval_samples_per_second': 57.713, 'eval_steps_per_second': 7.22, 'epoch': 0.86}
{'loss': 1.6441, 'grad_norm': 2.720895290374756, 'learning_rate': 3.73134328358209e-05, 'epoch': 0.9}
{'loss': 1.5806, 'grad_norm': 2.5001728534698486, 'learning_rate': 2.238805970149254e-05, 'epoch': 0.94}
{'loss': 1.5619, 'grad_norm': 2.812734365463257, 'learning_rate': 7.4626865671641785e-06, 'epoch': 0.98}
{'train_runtime': 416.5119, 'train_samples_per_second': 17.942, 'train_steps_per_second': 0.562, 'train_loss': 1.9784708226847851, 'epoch': 1.0}
Evaluating model for run 1...

Metrics for run 2 (seed 1):
rouge1: 0.3083
rouge2: 0.1171
rougeL: 0.2200
rougeLsum: 0.2880
average_perplexity: 26341.5806
average_loss: 10.1789
==============================================

Setting up data processing for run 2...
Dataset({
    features: ['question', 'answer'],
    num_rows: 1319
})
{'question': "Janet’s ducks lay 16 eggs per day. She eats three for breakfast every morning and bakes muffins for her friends every day with four. She sells the remainder at the farmers' market daily for $2 per fresh duck egg. How much in dollars does she make every day at the farmers' market?", 'answer': 'Janet sells 16 - 3 - 4 = <<16-3-4=9>>9 duck eggs a day.\nShe makes 9 * 2 = $<<9*2=18>>18 every day at the farmer’s market.\n#### 18'}
Setting up model for run 2...
Loading model from facebook/opt-125m...
Preparing for patch training...
Starting patch training with patch_size=4, lambda_ratio=0.75
Starting Phase 1: Patch Training (patch_size=4) for 2 epochs
{'loss': 30.1507, 'grad_norm': 68.45542907714844, 'learning_rate': 1.8e-05, 'epoch': 0.04}
{'loss': 25.8495, 'grad_norm': 51.90947723388672, 'learning_rate': 3.8e-05, 'epoch': 0.09}
{'loss': 24.5703, 'grad_norm': 42.6532096862793, 'learning_rate': 5.8e-05, 'epoch': 0.13}
{'loss': 23.3646, 'grad_norm': 30.680580139160156, 'learning_rate': 7.800000000000001e-05, 'epoch': 0.17}
{'loss': 22.3437, 'grad_norm': 29.919843673706055, 'learning_rate': 9.8e-05, 'epoch': 0.21}
{'loss': 21.3396, 'grad_norm': 30.785947799682617, 'learning_rate': 0.000118, 'epoch': 0.26}
{'loss': 20.6714, 'grad_norm': 31.71141242980957, 'learning_rate': 0.000138, 'epoch': 0.3}
{'loss': 20.019, 'grad_norm': 29.597993850708008, 'learning_rate': 0.00015800000000000002, 'epoch': 0.34}
{'loss': 19.7017, 'grad_norm': 25.06537437438965, 'learning_rate': 0.00017800000000000002, 'epoch': 0.39}
{'loss': 19.4636, 'grad_norm': 23.16204261779785, 'learning_rate': 0.00019800000000000002, 'epoch': 0.43}
{'loss': 19.2633, 'grad_norm': 26.160818099975586, 'learning_rate': 0.0001951086956521739, 'epoch': 0.47}
{'loss': 19.1081, 'grad_norm': 26.401979446411133, 'learning_rate': 0.0001896739130434783, 'epoch': 0.51}
{'loss': 18.9446, 'grad_norm': 22.526552200317383, 'learning_rate': 0.00018423913043478263, 'epoch': 0.56}
{'loss': 18.5576, 'grad_norm': 20.209367752075195, 'learning_rate': 0.00017880434782608696, 'epoch': 0.6}
{'loss': 18.4886, 'grad_norm': 20.639507293701172, 'learning_rate': 0.00017336956521739132, 'epoch': 0.64}
{'loss': 18.3094, 'grad_norm': 20.100309371948242, 'learning_rate': 0.00016793478260869566, 'epoch': 0.68}
{'loss': 18.1959, 'grad_norm': 19.18785858154297, 'learning_rate': 0.00016250000000000002, 'epoch': 0.73}
{'loss': 18.0011, 'grad_norm': 25.985248565673828, 'learning_rate': 0.00015706521739130435, 'epoch': 0.77}
{'loss': 18.0938, 'grad_norm': 21.34110450744629, 'learning_rate': 0.0001516304347826087, 'epoch': 0.81}
{'loss': 18.068, 'grad_norm': 21.595439910888672, 'learning_rate': 0.00014619565217391305, 'epoch': 0.86}
{'eval_loss': 4.426316738128662, 'eval_runtime': 6.0842, 'eval_samples_per_second': 216.789, 'eval_steps_per_second': 27.119, 'epoch': 0.86}
{'loss': 18.0311, 'grad_norm': 21.436738967895508, 'learning_rate': 0.00014076086956521739, 'epoch': 0.9}
{'loss': 17.7222, 'grad_norm': 16.09800910949707, 'learning_rate': 0.00013532608695652175, 'epoch': 0.94}
{'loss': 17.5341, 'grad_norm': 19.220006942749023, 'learning_rate': 0.0001298913043478261, 'epoch': 0.98}
{'loss': 16.8483, 'grad_norm': 19.74378204345703, 'learning_rate': 0.00012445652173913044, 'epoch': 1.03}
{'loss': 16.9415, 'grad_norm': 17.21392250061035, 'learning_rate': 0.00011902173913043479, 'epoch': 1.07}
{'loss': 17.0285, 'grad_norm': 17.777231216430664, 'learning_rate': 0.00011358695652173914, 'epoch': 1.11}
{'loss': 16.7494, 'grad_norm': 16.889873504638672, 'learning_rate': 0.00010815217391304349, 'epoch': 1.15}
{'loss': 16.7593, 'grad_norm': 18.58186149597168, 'learning_rate': 0.00010271739130434784, 'epoch': 1.2}
{'loss': 16.6417, 'grad_norm': 18.66850471496582, 'learning_rate': 9.728260869565217e-05, 'epoch': 1.24}
{'loss': 16.6579, 'grad_norm': 17.253257751464844, 'learning_rate': 9.184782608695652e-05, 'epoch': 1.28}
{'loss': 16.4954, 'grad_norm': 15.872532844543457, 'learning_rate': 8.641304347826087e-05, 'epoch': 1.33}
{'loss': 16.4802, 'grad_norm': 19.570032119750977, 'learning_rate': 8.097826086956523e-05, 'epoch': 1.37}
{'loss': 16.4415, 'grad_norm': 18.544157028198242, 'learning_rate': 7.554347826086957e-05, 'epoch': 1.41}
{'loss': 16.4781, 'grad_norm': 23.76102066040039, 'learning_rate': 7.010869565217391e-05, 'epoch': 1.45}
{'loss': 16.4961, 'grad_norm': 18.60038948059082, 'learning_rate': 6.467391304347826e-05, 'epoch': 1.5}
{'loss': 16.3322, 'grad_norm': 15.97049331665039, 'learning_rate': 5.923913043478261e-05, 'epoch': 1.54}
{'loss': 16.5296, 'grad_norm': 18.029216766357422, 'learning_rate': 5.380434782608695e-05, 'epoch': 1.58}
{'loss': 16.127, 'grad_norm': 20.840591430664062, 'learning_rate': 4.836956521739131e-05, 'epoch': 1.62}
{'loss': 16.3158, 'grad_norm': 17.493160247802734, 'learning_rate': 4.2934782608695655e-05, 'epoch': 1.67}
{'loss': 16.2816, 'grad_norm': 17.0831356048584, 'learning_rate': 3.7500000000000003e-05, 'epoch': 1.71}
{'eval_loss': 4.155334949493408, 'eval_runtime': 6.089, 'eval_samples_per_second': 216.619, 'eval_steps_per_second': 27.098, 'epoch': 1.71}
{'loss': 16.2067, 'grad_norm': 14.95683765411377, 'learning_rate': 3.2065217391304345e-05, 'epoch': 1.75}
{'loss': 16.2859, 'grad_norm': 15.683425903320312, 'learning_rate': 2.66304347826087e-05, 'epoch': 1.8}
{'loss': 16.2903, 'grad_norm': 15.492603302001953, 'learning_rate': 2.1195652173913045e-05, 'epoch': 1.84}
{'loss': 16.0308, 'grad_norm': 15.335476875305176, 'learning_rate': 1.5760869565217393e-05, 'epoch': 1.88}
{'loss': 16.27, 'grad_norm': 14.575542449951172, 'learning_rate': 1.032608695652174e-05, 'epoch': 1.92}
{'loss': 16.1327, 'grad_norm': 17.00740623474121, 'learning_rate': 4.891304347826087e-06, 'epoch': 1.97}
{'train_runtime': 243.1602, 'train_samples_per_second': 61.466, 'train_steps_per_second': 1.925, 'train_loss': 18.313935988988632, 'epoch': 2.0}
Starting Phase 2: Standard Training (patch_size=1) for 1 epochs
{'loss': 5.0406, 'grad_norm': 8.777255058288574, 'learning_rate': 1.8e-05, 'epoch': 0.04}
{'loss': 3.8339, 'grad_norm': 4.999561786651611, 'learning_rate': 3.8e-05, 'epoch': 0.09}
{'loss': 3.0176, 'grad_norm': 4.934108257293701, 'learning_rate': 5.8e-05, 'epoch': 0.13}
{'loss': 2.5487, 'grad_norm': 4.350439548492432, 'learning_rate': 7.800000000000001e-05, 'epoch': 0.17}
{'loss': 2.3633, 'grad_norm': 4.999899864196777, 'learning_rate': 9.8e-05, 'epoch': 0.21}
{'loss': 2.2208, 'grad_norm': 4.104368686676025, 'learning_rate': 0.000118, 'epoch': 0.26}
{'loss': 2.1261, 'grad_norm': 4.812615394592285, 'learning_rate': 0.000138, 'epoch': 0.3}
{'loss': 1.9999, 'grad_norm': 5.209423065185547, 'learning_rate': 0.00015800000000000002, 'epoch': 0.34}
{'loss': 1.9585, 'grad_norm': 3.7674031257629395, 'learning_rate': 0.00017800000000000002, 'epoch': 0.39}
{'loss': 1.9359, 'grad_norm': 4.515743255615234, 'learning_rate': 0.00019800000000000002, 'epoch': 0.43}
{'loss': 1.9097, 'grad_norm': 3.990540027618408, 'learning_rate': 0.00018656716417910448, 'epoch': 0.47}
{'loss': 1.8688, 'grad_norm': 3.860379934310913, 'learning_rate': 0.00017164179104477614, 'epoch': 0.51}
{'loss': 1.8497, 'grad_norm': 3.716479539871216, 'learning_rate': 0.00015671641791044778, 'epoch': 0.56}
{'loss': 1.763, 'grad_norm': 3.547114849090576, 'learning_rate': 0.00014179104477611942, 'epoch': 0.6}
{'loss': 1.7566, 'grad_norm': 3.1713523864746094, 'learning_rate': 0.00012686567164179105, 'epoch': 0.64}
{'loss': 1.7302, 'grad_norm': 3.364081621170044, 'learning_rate': 0.00011194029850746269, 'epoch': 0.68}
{'loss': 1.6963, 'grad_norm': 3.3596346378326416, 'learning_rate': 9.701492537313434e-05, 'epoch': 0.73}
{'loss': 1.6478, 'grad_norm': 3.089925765991211, 'learning_rate': 8.208955223880597e-05, 'epoch': 0.77}
{'loss': 1.7068, 'grad_norm': 2.900127410888672, 'learning_rate': 6.716417910447762e-05, 'epoch': 0.81}
{'loss': 1.684, 'grad_norm': 3.041719913482666, 'learning_rate': 5.223880597014925e-05, 'epoch': 0.86}
{'eval_loss': 1.646241545677185, 'eval_runtime': 22.7082, 'eval_samples_per_second': 58.085, 'eval_steps_per_second': 7.266, 'epoch': 0.86}
{'loss': 1.6706, 'grad_norm': 2.794203281402588, 'learning_rate': 3.73134328358209e-05, 'epoch': 0.9}
{'loss': 1.6021, 'grad_norm': 2.617708921432495, 'learning_rate': 2.238805970149254e-05, 'epoch': 0.94}
{'loss': 1.584, 'grad_norm': 2.855079412460327, 'learning_rate': 7.4626865671641785e-06, 'epoch': 0.98}
{'train_runtime': 419.3449, 'train_samples_per_second': 17.821, 'train_steps_per_second': 0.558, 'train_loss': 2.1433075778504724, 'epoch': 1.0}
Evaluating model for run 2...

Metrics for run 3 (seed 2):
rouge1: 0.2943
rouge2: 0.1123
rougeL: 0.2184
rougeLsum: 0.2746
average_perplexity: 24682.0929
average_loss: 10.1138
==============================================

Setting up data processing for run 3...
Dataset({
    features: ['question', 'answer'],
    num_rows: 1319
})
{'question': "Janet’s ducks lay 16 eggs per day. She eats three for breakfast every morning and bakes muffins for her friends every day with four. She sells the remainder at the farmers' market daily for $2 per fresh duck egg. How much in dollars does she make every day at the farmers' market?", 'answer': 'Janet sells 16 - 3 - 4 = <<16-3-4=9>>9 duck eggs a day.\nShe makes 9 * 2 = $<<9*2=18>>18 every day at the farmer’s market.\n#### 18'}
Setting up model for run 3...
Loading model from facebook/opt-125m...
Preparing for patch training...
Starting patch training with patch_size=4, lambda_ratio=0.75
Starting Phase 1: Patch Training (patch_size=4) for 2 epochs
{'loss': 30.1454, 'grad_norm': 68.53101348876953, 'learning_rate': 1.8e-05, 'epoch': 0.04}
{'loss': 25.8451, 'grad_norm': 52.01522445678711, 'learning_rate': 3.8e-05, 'epoch': 0.09}
{'loss': 24.5619, 'grad_norm': 44.06337356567383, 'learning_rate': 5.8e-05, 'epoch': 0.13}
{'loss': 23.3538, 'grad_norm': 35.40128707885742, 'learning_rate': 7.800000000000001e-05, 'epoch': 0.17}
{'loss': 22.3333, 'grad_norm': 35.05316162109375, 'learning_rate': 9.8e-05, 'epoch': 0.21}
{'loss': 21.325, 'grad_norm': 31.978015899658203, 'learning_rate': 0.000118, 'epoch': 0.26}
{'loss': 20.6576, 'grad_norm': 30.336576461791992, 'learning_rate': 0.000138, 'epoch': 0.3}
{'loss': 20.0023, 'grad_norm': 31.136680603027344, 'learning_rate': 0.00015800000000000002, 'epoch': 0.34}
{'loss': 19.6906, 'grad_norm': 25.889284133911133, 'learning_rate': 0.00017800000000000002, 'epoch': 0.39}
{'loss': 19.4066, 'grad_norm': 21.174396514892578, 'learning_rate': 0.00019800000000000002, 'epoch': 0.43}
{'loss': 19.241, 'grad_norm': 29.679088592529297, 'learning_rate': 0.0001951086956521739, 'epoch': 0.47}
{'loss': 19.0588, 'grad_norm': 27.77482795715332, 'learning_rate': 0.0001896739130434783, 'epoch': 0.51}
{'loss': 18.9187, 'grad_norm': 22.363056182861328, 'learning_rate': 0.00018423913043478263, 'epoch': 0.56}
{'loss': 18.5355, 'grad_norm': 19.861921310424805, 'learning_rate': 0.00017880434782608696, 'epoch': 0.6}
{'loss': 18.4891, 'grad_norm': 22.737823486328125, 'learning_rate': 0.00017336956521739132, 'epoch': 0.64}
{'loss': 18.2858, 'grad_norm': 19.296083450317383, 'learning_rate': 0.00016793478260869566, 'epoch': 0.68}
{'loss': 18.1566, 'grad_norm': 20.623058319091797, 'learning_rate': 0.00016250000000000002, 'epoch': 0.73}
{'loss': 17.9552, 'grad_norm': 24.24308204650879, 'learning_rate': 0.00015706521739130435, 'epoch': 0.77}
{'loss': 18.0696, 'grad_norm': 21.724702835083008, 'learning_rate': 0.0001516304347826087, 'epoch': 0.81}
{'loss': 18.0271, 'grad_norm': 22.299468994140625, 'learning_rate': 0.00014619565217391305, 'epoch': 0.86}
{'eval_loss': 4.414479732513428, 'eval_runtime': 6.0849, 'eval_samples_per_second': 216.765, 'eval_steps_per_second': 27.116, 'epoch': 0.86}
{'loss': 17.9962, 'grad_norm': 19.25016212463379, 'learning_rate': 0.00014076086956521739, 'epoch': 0.9}
{'loss': 17.6929, 'grad_norm': 16.45514678955078, 'learning_rate': 0.00013532608695652175, 'epoch': 0.94}
{'loss': 17.5036, 'grad_norm': 20.537378311157227, 'learning_rate': 0.0001298913043478261, 'epoch': 0.98}
{'loss': 16.802, 'grad_norm': 21.177213668823242, 'learning_rate': 0.00012445652173913044, 'epoch': 1.03}
{'loss': 16.8925, 'grad_norm': 19.24959373474121, 'learning_rate': 0.00011902173913043479, 'epoch': 1.07}
{'loss': 16.9857, 'grad_norm': 19.672183990478516, 'learning_rate': 0.00011358695652173914, 'epoch': 1.11}
{'loss': 16.7236, 'grad_norm': 16.46637535095215, 'learning_rate': 0.00010815217391304349, 'epoch': 1.15}
{'loss': 16.7115, 'grad_norm': 17.766687393188477, 'learning_rate': 0.00010271739130434784, 'epoch': 1.2}
{'loss': 16.5962, 'grad_norm': 18.588315963745117, 'learning_rate': 9.728260869565217e-05, 'epoch': 1.24}
{'loss': 16.608, 'grad_norm': 16.9462947845459, 'learning_rate': 9.184782608695652e-05, 'epoch': 1.28}
{'loss': 16.4633, 'grad_norm': 16.856433868408203, 'learning_rate': 8.641304347826087e-05, 'epoch': 1.33}
{'loss': 16.4401, 'grad_norm': 18.613380432128906, 'learning_rate': 8.097826086956523e-05, 'epoch': 1.37}
{'loss': 16.3988, 'grad_norm': 17.98304557800293, 'learning_rate': 7.554347826086957e-05, 'epoch': 1.41}
{'loss': 16.422, 'grad_norm': 22.77143669128418, 'learning_rate': 7.010869565217391e-05, 'epoch': 1.45}
{'loss': 16.4428, 'grad_norm': 18.33654022216797, 'learning_rate': 6.467391304347826e-05, 'epoch': 1.5}
{'loss': 16.2953, 'grad_norm': 15.891237258911133, 'learning_rate': 5.923913043478261e-05, 'epoch': 1.54}
{'loss': 16.4844, 'grad_norm': 19.331010818481445, 'learning_rate': 5.380434782608695e-05, 'epoch': 1.58}
{'loss': 16.0805, 'grad_norm': 20.27043342590332, 'learning_rate': 4.836956521739131e-05, 'epoch': 1.62}
{'loss': 16.257, 'grad_norm': 17.397430419921875, 'learning_rate': 4.2934782608695655e-05, 'epoch': 1.67}
{'loss': 16.2306, 'grad_norm': 16.522796630859375, 'learning_rate': 3.7500000000000003e-05, 'epoch': 1.71}
{'eval_loss': 4.138571739196777, 'eval_runtime': 6.0831, 'eval_samples_per_second': 216.83, 'eval_steps_per_second': 27.124, 'epoch': 1.71}
{'loss': 16.1401, 'grad_norm': 14.94868278503418, 'learning_rate': 3.2065217391304345e-05, 'epoch': 1.75}
{'loss': 16.2225, 'grad_norm': 15.186410903930664, 'learning_rate': 2.66304347826087e-05, 'epoch': 1.8}
{'loss': 16.2368, 'grad_norm': 15.507925033569336, 'learning_rate': 2.1195652173913045e-05, 'epoch': 1.84}
{'loss': 15.9805, 'grad_norm': 14.30500316619873, 'learning_rate': 1.5760869565217393e-05, 'epoch': 1.88}
{'loss': 16.1901, 'grad_norm': 15.53384017944336, 'learning_rate': 1.032608695652174e-05, 'epoch': 1.92}
{'loss': 16.0895, 'grad_norm': 17.557920455932617, 'learning_rate': 4.891304347826087e-06, 'epoch': 1.97}
{'train_runtime': 242.9921, 'train_samples_per_second': 61.508, 'train_steps_per_second': 1.926, 'train_loss': 18.277514090904823, 'epoch': 2.0}
Starting Phase 2: Standard Training (patch_size=1) for 1 epochs
{'loss': 5.0516, 'grad_norm': 8.95588493347168, 'learning_rate': 1.8e-05, 'epoch': 0.04}
{'loss': 3.7981, 'grad_norm': 5.187291145324707, 'learning_rate': 3.8e-05, 'epoch': 0.09}
{'loss': 3.0055, 'grad_norm': 5.37385892868042, 'learning_rate': 5.8e-05, 'epoch': 0.13}
{'loss': 2.5472, 'grad_norm': 4.3397088050842285, 'learning_rate': 7.800000000000001e-05, 'epoch': 0.17}
{'loss': 2.3612, 'grad_norm': 5.319438457489014, 'learning_rate': 9.8e-05, 'epoch': 0.21}
{'loss': 2.2212, 'grad_norm': 4.272616863250732, 'learning_rate': 0.000118, 'epoch': 0.26}
{'loss': 2.1212, 'grad_norm': 4.5414042472839355, 'learning_rate': 0.000138, 'epoch': 0.3}
{'loss': 1.9986, 'grad_norm': 5.137292861938477, 'learning_rate': 0.00015800000000000002, 'epoch': 0.34}
{'loss': 1.9577, 'grad_norm': 3.656283140182495, 'learning_rate': 0.00017800000000000002, 'epoch': 0.39}
{'loss': 1.9373, 'grad_norm': 4.387016773223877, 'learning_rate': 0.00019800000000000002, 'epoch': 0.43}
{'loss': 1.9101, 'grad_norm': 3.879516363143921, 'learning_rate': 0.00018656716417910448, 'epoch': 0.47}
{'loss': 1.8714, 'grad_norm': 4.0317559242248535, 'learning_rate': 0.00017164179104477614, 'epoch': 0.51}
{'loss': 1.8553, 'grad_norm': 3.720928430557251, 'learning_rate': 0.00015671641791044778, 'epoch': 0.56}
{'loss': 1.7635, 'grad_norm': 3.518186569213867, 'learning_rate': 0.00014179104477611942, 'epoch': 0.6}
{'loss': 1.7578, 'grad_norm': 3.171016216278076, 'learning_rate': 0.00012686567164179105, 'epoch': 0.64}
{'loss': 1.7319, 'grad_norm': 3.333631992340088, 'learning_rate': 0.00011194029850746269, 'epoch': 0.68}
{'loss': 1.6948, 'grad_norm': 3.315962553024292, 'learning_rate': 9.701492537313434e-05, 'epoch': 0.73}
{'loss': 1.6494, 'grad_norm': 3.1563847064971924, 'learning_rate': 8.208955223880597e-05, 'epoch': 0.77}
{'loss': 1.7083, 'grad_norm': 2.8713951110839844, 'learning_rate': 6.716417910447762e-05, 'epoch': 0.81}
{'loss': 1.6864, 'grad_norm': 2.9949309825897217, 'learning_rate': 5.223880597014925e-05, 'epoch': 0.86}
{'eval_loss': 1.6478207111358643, 'eval_runtime': 22.8105, 'eval_samples_per_second': 57.824, 'eval_steps_per_second': 7.234, 'epoch': 0.86}
{'loss': 1.6694, 'grad_norm': 2.7732367515563965, 'learning_rate': 3.73134328358209e-05, 'epoch': 0.9}
{'loss': 1.6059, 'grad_norm': 2.656916856765747, 'learning_rate': 2.238805970149254e-05, 'epoch': 0.94}
{'loss': 1.5849, 'grad_norm': 2.7958714962005615, 'learning_rate': 7.4626865671641785e-06, 'epoch': 0.98}
{'train_runtime': 421.9948, 'train_samples_per_second': 17.709, 'train_steps_per_second': 0.555, 'train_loss': 2.142138636010325, 'epoch': 1.0}
Evaluating model for run 3...

Metrics for run 4 (seed 3):
rouge1: 0.2949
rouge2: 0.1213
rougeL: 0.2220
rougeLsum: 0.2769
average_perplexity: 25319.1318
average_loss: 10.1393
==============================================

Setting up data processing for run 4...
Dataset({
    features: ['question', 'answer'],
    num_rows: 1319
})
{'question': "Janet’s ducks lay 16 eggs per day. She eats three for breakfast every morning and bakes muffins for her friends every day with four. She sells the remainder at the farmers' market daily for $2 per fresh duck egg. How much in dollars does she make every day at the farmers' market?", 'answer': 'Janet sells 16 - 3 - 4 = <<16-3-4=9>>9 duck eggs a day.\nShe makes 9 * 2 = $<<9*2=18>>18 every day at the farmer’s market.\n#### 18'}
Setting up model for run 4...
Loading model from facebook/opt-125m...
Preparing for patch training...
Starting patch training with patch_size=4, lambda_ratio=0.75
Starting Phase 1: Patch Training (patch_size=4) for 2 epochs
{'loss': 30.1887, 'grad_norm': 72.2982406616211, 'learning_rate': 1.8e-05, 'epoch': 0.04}
{'loss': 25.9732, 'grad_norm': 48.96823501586914, 'learning_rate': 3.8e-05, 'epoch': 0.09}
{'loss': 24.6086, 'grad_norm': 28.191129684448242, 'learning_rate': 5.8e-05, 'epoch': 0.13}
{'loss': 23.4437, 'grad_norm': 22.53474235534668, 'learning_rate': 7.800000000000001e-05, 'epoch': 0.17}
{'loss': 22.2972, 'grad_norm': 27.446298599243164, 'learning_rate': 9.8e-05, 'epoch': 0.21}
{'loss': 21.2508, 'grad_norm': 24.277406692504883, 'learning_rate': 0.000118, 'epoch': 0.26}
{'loss': 20.8348, 'grad_norm': 19.687332153320312, 'learning_rate': 0.000138, 'epoch': 0.3}
{'loss': 20.1978, 'grad_norm': 23.071136474609375, 'learning_rate': 0.00015800000000000002, 'epoch': 0.34}
{'loss': 19.9044, 'grad_norm': 18.382293701171875, 'learning_rate': 0.00017800000000000002, 'epoch': 0.39}
{'loss': 19.6206, 'grad_norm': 17.108675003051758, 'learning_rate': 0.00019800000000000002, 'epoch': 0.43}
{'loss': 19.4084, 'grad_norm': 17.840208053588867, 'learning_rate': 0.0001951086956521739, 'epoch': 0.47}
{'loss': 19.344, 'grad_norm': 17.509244918823242, 'learning_rate': 0.0001896739130434783, 'epoch': 0.51}
{'loss': 19.1516, 'grad_norm': 16.479665756225586, 'learning_rate': 0.00018423913043478263, 'epoch': 0.56}
{'loss': 18.7754, 'grad_norm': 13.417143821716309, 'learning_rate': 0.00017880434782608696, 'epoch': 0.6}
{'loss': 18.7934, 'grad_norm': 16.56197738647461, 'learning_rate': 0.00017336956521739132, 'epoch': 0.64}
{'loss': 18.6025, 'grad_norm': 18.90319061279297, 'learning_rate': 0.00016793478260869566, 'epoch': 0.68}
{'loss': 18.5124, 'grad_norm': 14.018497467041016, 'learning_rate': 0.00016250000000000002, 'epoch': 0.73}
{'loss': 18.2384, 'grad_norm': 13.538945198059082, 'learning_rate': 0.00015706521739130435, 'epoch': 0.77}
{'loss': 18.3997, 'grad_norm': 19.04334831237793, 'learning_rate': 0.0001516304347826087, 'epoch': 0.81}
{'loss': 18.2808, 'grad_norm': 18.19158363342285, 'learning_rate': 0.00014619565217391305, 'epoch': 0.86}
{'eval_loss': 4.494942665100098, 'eval_runtime': 6.0859, 'eval_samples_per_second': 216.729, 'eval_steps_per_second': 27.112, 'epoch': 0.86}
{'loss': 18.2988, 'grad_norm': 15.280464172363281, 'learning_rate': 0.00014076086956521739, 'epoch': 0.9}
{'loss': 17.9993, 'grad_norm': 18.589868545532227, 'learning_rate': 0.00013532608695652175, 'epoch': 0.94}
{'loss': 17.8219, 'grad_norm': 15.775586128234863, 'learning_rate': 0.0001298913043478261, 'epoch': 0.98}
{'loss': 17.0712, 'grad_norm': 16.295917510986328, 'learning_rate': 0.00012445652173913044, 'epoch': 1.03}
{'loss': 17.1086, 'grad_norm': 14.847302436828613, 'learning_rate': 0.00011902173913043479, 'epoch': 1.07}
{'loss': 17.2053, 'grad_norm': 15.847502708435059, 'learning_rate': 0.00011358695652173914, 'epoch': 1.11}
{'loss': 16.9865, 'grad_norm': 15.367132186889648, 'learning_rate': 0.00010815217391304349, 'epoch': 1.15}
{'loss': 16.9369, 'grad_norm': 14.159744262695312, 'learning_rate': 0.00010271739130434784, 'epoch': 1.2}
{'loss': 16.8465, 'grad_norm': 17.110639572143555, 'learning_rate': 9.728260869565217e-05, 'epoch': 1.24}
{'loss': 16.9162, 'grad_norm': 15.684391021728516, 'learning_rate': 9.184782608695652e-05, 'epoch': 1.28}
{'loss': 16.7529, 'grad_norm': 13.895922660827637, 'learning_rate': 8.641304347826087e-05, 'epoch': 1.33}
{'loss': 16.7333, 'grad_norm': 15.226082801818848, 'learning_rate': 8.097826086956523e-05, 'epoch': 1.37}
{'loss': 16.6952, 'grad_norm': 14.853530883789062, 'learning_rate': 7.554347826086957e-05, 'epoch': 1.41}
{'loss': 16.7224, 'grad_norm': 15.337141990661621, 'learning_rate': 7.010869565217391e-05, 'epoch': 1.45}
{'loss': 16.8137, 'grad_norm': 16.444974899291992, 'learning_rate': 6.467391304347826e-05, 'epoch': 1.5}
{'loss': 16.5767, 'grad_norm': 13.726110458374023, 'learning_rate': 5.923913043478261e-05, 'epoch': 1.54}
{'loss': 16.7316, 'grad_norm': 14.97077465057373, 'learning_rate': 5.380434782608695e-05, 'epoch': 1.58}
{'loss': 16.4245, 'grad_norm': 14.311477661132812, 'learning_rate': 4.836956521739131e-05, 'epoch': 1.62}
{'loss': 16.524, 'grad_norm': 14.628525733947754, 'learning_rate': 4.2934782608695655e-05, 'epoch': 1.67}
{'loss': 16.5555, 'grad_norm': 14.198630332946777, 'learning_rate': 3.7500000000000003e-05, 'epoch': 1.71}
{'eval_loss': 4.230893135070801, 'eval_runtime': 6.0808, 'eval_samples_per_second': 216.912, 'eval_steps_per_second': 27.135, 'epoch': 1.71}
{'loss': 16.4557, 'grad_norm': 14.803205490112305, 'learning_rate': 3.2065217391304345e-05, 'epoch': 1.75}
{'loss': 16.5166, 'grad_norm': 11.913153648376465, 'learning_rate': 2.66304347826087e-05, 'epoch': 1.8}
{'loss': 16.5463, 'grad_norm': 15.798628807067871, 'learning_rate': 2.1195652173913045e-05, 'epoch': 1.84}
{'loss': 16.2658, 'grad_norm': 12.19291877746582, 'learning_rate': 1.5760869565217393e-05, 'epoch': 1.88}
{'loss': 16.4818, 'grad_norm': 13.403037071228027, 'learning_rate': 1.032608695652174e-05, 'epoch': 1.92}
{'loss': 16.4238, 'grad_norm': 14.553872108459473, 'learning_rate': 4.891304347826087e-06, 'epoch': 1.97}
{'train_runtime': 242.83, 'train_samples_per_second': 61.549, 'train_steps_per_second': 1.927, 'train_loss': 18.523892720540363, 'epoch': 2.0}
Starting Phase 2: Standard Training (patch_size=1) for 1 epochs
{'loss': 4.8073, 'grad_norm': 7.7729878425598145, 'learning_rate': 1.8e-05, 'epoch': 0.04}
{'loss': 3.7021, 'grad_norm': 4.801710605621338, 'learning_rate': 3.8e-05, 'epoch': 0.09}
{'loss': 2.9451, 'grad_norm': 4.839332580566406, 'learning_rate': 5.8e-05, 'epoch': 0.13}
{'loss': 2.4713, 'grad_norm': 4.076453685760498, 'learning_rate': 7.800000000000001e-05, 'epoch': 0.17}
{'loss': 2.3053, 'grad_norm': 4.4981369972229, 'learning_rate': 9.8e-05, 'epoch': 0.21}
{'loss': 2.1825, 'grad_norm': 4.187057018280029, 'learning_rate': 0.000118, 'epoch': 0.26}
{'loss': 2.1034, 'grad_norm': 4.4326558113098145, 'learning_rate': 0.000138, 'epoch': 0.3}
{'loss': 1.9865, 'grad_norm': 4.61843729019165, 'learning_rate': 0.00015800000000000002, 'epoch': 0.34}
{'loss': 1.944, 'grad_norm': 3.3931756019592285, 'learning_rate': 0.00017800000000000002, 'epoch': 0.39}
{'loss': 1.9231, 'grad_norm': 4.251409530639648, 'learning_rate': 0.00019800000000000002, 'epoch': 0.43}
{'loss': 1.8991, 'grad_norm': 3.5657806396484375, 'learning_rate': 0.00018656716417910448, 'epoch': 0.47}
{'loss': 1.8711, 'grad_norm': 4.252610206604004, 'learning_rate': 0.00017164179104477614, 'epoch': 0.51}
{'loss': 1.8464, 'grad_norm': 3.434523820877075, 'learning_rate': 0.00015671641791044778, 'epoch': 0.56}
{'loss': 1.7557, 'grad_norm': 3.3111298084259033, 'learning_rate': 0.00014179104477611942, 'epoch': 0.6}
{'loss': 1.7529, 'grad_norm': 3.2734904289245605, 'learning_rate': 0.00012686567164179105, 'epoch': 0.64}
{'loss': 1.738, 'grad_norm': 3.401801586151123, 'learning_rate': 0.00011194029850746269, 'epoch': 0.68}
{'loss': 1.6936, 'grad_norm': 3.227550745010376, 'learning_rate': 9.701492537313434e-05, 'epoch': 0.73}
{'loss': 1.6454, 'grad_norm': 3.161576986312866, 'learning_rate': 8.208955223880597e-05, 'epoch': 0.77}
{'loss': 1.7088, 'grad_norm': 2.7718963623046875, 'learning_rate': 6.716417910447762e-05, 'epoch': 0.81}
{'loss': 1.6831, 'grad_norm': 2.883512496948242, 'learning_rate': 5.223880597014925e-05, 'epoch': 0.86}
{'eval_loss': 1.6476138830184937, 'eval_runtime': 22.0977, 'eval_samples_per_second': 59.689, 'eval_steps_per_second': 7.467, 'epoch': 0.86}
{'loss': 1.6693, 'grad_norm': 2.6493101119995117, 'learning_rate': 3.73134328358209e-05, 'epoch': 0.9}
{'loss': 1.6031, 'grad_norm': 2.540900707244873, 'learning_rate': 2.238805970149254e-05, 'epoch': 0.94}
{'loss': 1.5872, 'grad_norm': 2.8950955867767334, 'learning_rate': 7.4626865671641785e-06, 'epoch': 0.98}
{'train_runtime': 405.1893, 'train_samples_per_second': 18.443, 'train_steps_per_second': 0.578, 'train_loss': 2.113711831916092, 'epoch': 1.0}
Evaluating model for run 4...

Metrics for run 5 (seed 4):
rouge1: 0.2901
rouge2: 0.1091
rougeL: 0.2172
rougeLsum: 0.2733
average_perplexity: 26253.7015
average_loss: 10.1756
==============================================

Aggregate Statistics:
rouge1:
  Mean: 0.2938
  Std:  0.0088
rouge2:
  Mean: 0.1130
  Std:  0.0058
rougeL:
  Mean: 0.2178
  Std:  0.0037
rougeLsum:
  Mean: 0.2752
  Std:  0.0079
average_perplexity:
  Mean: 26154.3828
  Std:  1182.7704
average_loss:
  Mean: 10.1708
  Std:  0.0447
