
Setting up data processing for run 0...
Dataset({
    features: ['question', 'answer'],
    num_rows: 1319
})
{'question': "Janet’s ducks lay 16 eggs per day. She eats three for breakfast every morning and bakes muffins for her friends every day with four. She sells the remainder at the farmers' market daily for $2 per fresh duck egg. How much in dollars does she make every day at the farmers' market?", 'answer': 'Janet sells 16 - 3 - 4 = <<16-3-4=9>>9 duck eggs a day.\nShe makes 9 * 2 = $<<9*2=18>>18 every day at the farmer’s market.\n#### 18'}
Setting up model for run 0...
Loading model from facebook/opt-350m...
Preparing for patch training...
Starting patch training with patch_size=4, lambda_ratio=0.75
Starting Phase 1: Patch Training (patch_size=4) for 2 epochs
{'loss': 29.5971, 'grad_norm': 32.28062057495117, 'learning_rate': 1.8e-05, 'epoch': 0.04}
{'loss': 25.4157, 'grad_norm': 30.555017471313477, 'learning_rate': 3.8e-05, 'epoch': 0.09}
{'loss': 23.8913, 'grad_norm': 29.872879028320312, 'learning_rate': 5.8e-05, 'epoch': 0.13}
{'loss': 22.2328, 'grad_norm': 25.248790740966797, 'learning_rate': 7.800000000000001e-05, 'epoch': 0.17}
{'loss': 21.3137, 'grad_norm': 18.777406692504883, 'learning_rate': 9.8e-05, 'epoch': 0.21}
{'loss': 20.7282, 'grad_norm': 22.5562801361084, 'learning_rate': 0.000118, 'epoch': 0.26}
{'loss': 20.3749, 'grad_norm': 19.919294357299805, 'learning_rate': 0.000138, 'epoch': 0.3}
{'loss': 19.9761, 'grad_norm': 20.00562858581543, 'learning_rate': 0.00015800000000000002, 'epoch': 0.34}
{'loss': 19.6683, 'grad_norm': 22.116046905517578, 'learning_rate': 0.00017800000000000002, 'epoch': 0.39}
{'loss': 19.5194, 'grad_norm': 18.034542083740234, 'learning_rate': 0.00019800000000000002, 'epoch': 0.43}
{'loss': 19.3426, 'grad_norm': 18.082151412963867, 'learning_rate': 0.0001951086956521739, 'epoch': 0.47}
{'loss': 19.1745, 'grad_norm': 15.16787052154541, 'learning_rate': 0.0001896739130434783, 'epoch': 0.51}
{'loss': 19.025, 'grad_norm': 17.915536880493164, 'learning_rate': 0.00018423913043478263, 'epoch': 0.56}
{'loss': 18.7677, 'grad_norm': 17.159013748168945, 'learning_rate': 0.00017880434782608696, 'epoch': 0.6}
{'loss': 18.7741, 'grad_norm': 16.430679321289062, 'learning_rate': 0.00017336956521739132, 'epoch': 0.64}
{'loss': 18.5733, 'grad_norm': 16.12151336669922, 'learning_rate': 0.00016793478260869566, 'epoch': 0.68}
{'loss': 18.4947, 'grad_norm': 14.578035354614258, 'learning_rate': 0.00016250000000000002, 'epoch': 0.73}
{'loss': 18.2665, 'grad_norm': 16.565439224243164, 'learning_rate': 0.00015706521739130435, 'epoch': 0.77}
{'loss': 18.4286, 'grad_norm': 16.193449020385742, 'learning_rate': 0.0001516304347826087, 'epoch': 0.81}
{'loss': 18.347, 'grad_norm': 16.920297622680664, 'learning_rate': 0.00014619565217391305, 'epoch': 0.86}
{'eval_loss': 4.514884948730469, 'eval_runtime': 13.773, 'eval_samples_per_second': 95.767, 'eval_steps_per_second': 11.98, 'epoch': 0.86}
{'loss': 18.3237, 'grad_norm': 15.564362525939941, 'learning_rate': 0.00014076086956521739, 'epoch': 0.9}
{'loss': 18.0426, 'grad_norm': 15.243327140808105, 'learning_rate': 0.00013532608695652175, 'epoch': 0.94}
{'loss': 17.8389, 'grad_norm': 15.328763961791992, 'learning_rate': 0.0001298913043478261, 'epoch': 0.98}
{'loss': 17.0361, 'grad_norm': 13.432378768920898, 'learning_rate': 0.00012445652173913044, 'epoch': 1.03}
{'loss': 16.958, 'grad_norm': 16.260169982910156, 'learning_rate': 0.00011902173913043479, 'epoch': 1.07}
{'loss': 16.9853, 'grad_norm': 11.527226448059082, 'learning_rate': 0.00011358695652173914, 'epoch': 1.11}
{'loss': 16.7872, 'grad_norm': 12.1785888671875, 'learning_rate': 0.00010815217391304349, 'epoch': 1.15}
{'loss': 16.794, 'grad_norm': 13.497482299804688, 'learning_rate': 0.00010271739130434784, 'epoch': 1.2}
{'loss': 16.6856, 'grad_norm': 14.547303199768066, 'learning_rate': 9.728260869565217e-05, 'epoch': 1.24}
{'loss': 16.6907, 'grad_norm': 14.2330961227417, 'learning_rate': 9.184782608695652e-05, 'epoch': 1.28}
{'loss': 16.5447, 'grad_norm': 12.915300369262695, 'learning_rate': 8.641304347826087e-05, 'epoch': 1.33}
{'loss': 16.5647, 'grad_norm': 11.561725616455078, 'learning_rate': 8.097826086956523e-05, 'epoch': 1.37}
{'loss': 16.469, 'grad_norm': 13.152746200561523, 'learning_rate': 7.554347826086957e-05, 'epoch': 1.41}
{'loss': 16.4821, 'grad_norm': 14.491476058959961, 'learning_rate': 7.010869565217391e-05, 'epoch': 1.45}
{'loss': 16.5538, 'grad_norm': 13.799616813659668, 'learning_rate': 6.467391304347826e-05, 'epoch': 1.5}
{'loss': 16.3505, 'grad_norm': 12.566304206848145, 'learning_rate': 5.923913043478261e-05, 'epoch': 1.54}
{'loss': 16.5443, 'grad_norm': 12.658907890319824, 'learning_rate': 5.380434782608695e-05, 'epoch': 1.58}
{'loss': 16.1371, 'grad_norm': 13.791463851928711, 'learning_rate': 4.836956521739131e-05, 'epoch': 1.62}
{'loss': 16.3469, 'grad_norm': 12.160780906677246, 'learning_rate': 4.2934782608695655e-05, 'epoch': 1.67}
{'loss': 16.25, 'grad_norm': 12.83707046508789, 'learning_rate': 3.7500000000000003e-05, 'epoch': 1.71}
{'eval_loss': 4.2534685134887695, 'eval_runtime': 13.4642, 'eval_samples_per_second': 97.963, 'eval_steps_per_second': 12.255, 'epoch': 1.71}
{'loss': 16.1857, 'grad_norm': 12.078376770019531, 'learning_rate': 3.2065217391304345e-05, 'epoch': 1.75}
{'loss': 16.2338, 'grad_norm': 11.180034637451172, 'learning_rate': 2.66304347826087e-05, 'epoch': 1.8}
{'loss': 16.3018, 'grad_norm': 14.060025215148926, 'learning_rate': 2.1195652173913045e-05, 'epoch': 1.84}
{'loss': 16.036, 'grad_norm': 10.705218315124512, 'learning_rate': 1.5760869565217393e-05, 'epoch': 1.88}
{'loss': 16.2036, 'grad_norm': 11.749711990356445, 'learning_rate': 1.032608695652174e-05, 'epoch': 1.92}
{'loss': 16.0663, 'grad_norm': 12.265217781066895, 'learning_rate': 4.891304347826087e-06, 'epoch': 1.97}
{'train_runtime': 520.8711, 'train_samples_per_second': 28.694, 'train_steps_per_second': 0.898, 'train_loss': 18.286308337480595, 'epoch': 2.0}
Starting Phase 2: Standard Training (patch_size=1) for 1 epochs
{'loss': 4.9944, 'grad_norm': 7.332757949829102, 'learning_rate': 1.8e-05, 'epoch': 0.04}
{'loss': 3.3429, 'grad_norm': 4.299297332763672, 'learning_rate': 3.8e-05, 'epoch': 0.09}
{'loss': 2.5593, 'grad_norm': 3.578643321990967, 'learning_rate': 5.8e-05, 'epoch': 0.13}
{'loss': 2.1836, 'grad_norm': 3.416649341583252, 'learning_rate': 7.800000000000001e-05, 'epoch': 0.17}
{'loss': 2.0284, 'grad_norm': 3.4016811847686768, 'learning_rate': 9.8e-05, 'epoch': 0.21}
{'loss': 1.9247, 'grad_norm': 2.977466106414795, 'learning_rate': 0.000118, 'epoch': 0.26}
{'loss': 1.8673, 'grad_norm': 2.9395594596862793, 'learning_rate': 0.000138, 'epoch': 0.3}
{'loss': 1.7696, 'grad_norm': 3.4514195919036865, 'learning_rate': 0.00015800000000000002, 'epoch': 0.34}
{'loss': 1.7262, 'grad_norm': 2.7750678062438965, 'learning_rate': 0.00017800000000000002, 'epoch': 0.39}
{'loss': 1.7261, 'grad_norm': 2.8032684326171875, 'learning_rate': 0.00019800000000000002, 'epoch': 0.43}
{'loss': 1.706, 'grad_norm': 3.094291925430298, 'learning_rate': 0.00018656716417910448, 'epoch': 0.47}
{'loss': 1.6818, 'grad_norm': 2.795225143432617, 'learning_rate': 0.00017164179104477614, 'epoch': 0.51}
{'loss': 1.6482, 'grad_norm': 2.797903060913086, 'learning_rate': 0.00015671641791044778, 'epoch': 0.56}
{'loss': 1.5943, 'grad_norm': 2.5493645668029785, 'learning_rate': 0.00014179104477611942, 'epoch': 0.6}
{'loss': 1.5856, 'grad_norm': 2.3508739471435547, 'learning_rate': 0.00012686567164179105, 'epoch': 0.64}
{'loss': 1.5684, 'grad_norm': 2.637852430343628, 'learning_rate': 0.00011194029850746269, 'epoch': 0.68}
{'loss': 1.5213, 'grad_norm': 2.238764762878418, 'learning_rate': 9.701492537313434e-05, 'epoch': 0.73}
{'loss': 1.4814, 'grad_norm': 2.113797426223755, 'learning_rate': 8.208955223880597e-05, 'epoch': 0.77}
{'loss': 1.5284, 'grad_norm': 2.144709348678589, 'learning_rate': 6.716417910447762e-05, 'epoch': 0.81}
{'loss': 1.5035, 'grad_norm': 2.0951266288757324, 'learning_rate': 5.223880597014925e-05, 'epoch': 0.86}
{'eval_loss': 1.4965379238128662, 'eval_runtime': 56.1888, 'eval_samples_per_second': 23.474, 'eval_steps_per_second': 2.937, 'epoch': 0.86}
{'loss': 1.4952, 'grad_norm': 1.9058476686477661, 'learning_rate': 3.73134328358209e-05, 'epoch': 0.9}
{'loss': 1.4396, 'grad_norm': 1.887233853340149, 'learning_rate': 2.238805970149254e-05, 'epoch': 0.94}
{'loss': 1.4195, 'grad_norm': 1.9157665967941284, 'learning_rate': 7.4626865671641785e-06, 'epoch': 0.98}
{'train_runtime': 1007.1332, 'train_samples_per_second': 7.42, 'train_steps_per_second': 0.232, 'train_loss': 1.9176965819464789, 'epoch': 1.0}
Evaluating model for run 0...

Metrics for run 1 (seed 0):
rouge1: 0.3131
rouge2: 0.1330
rougeL: 0.2275
rougeLsum: 0.2925
average_perplexity: 180174.7086
average_loss: 12.1017
==============================================

Setting up data processing for run 1...
Dataset({
    features: ['question', 'answer'],
    num_rows: 1319
})
{'question': "Janet’s ducks lay 16 eggs per day. She eats three for breakfast every morning and bakes muffins for her friends every day with four. She sells the remainder at the farmers' market daily for $2 per fresh duck egg. How much in dollars does she make every day at the farmers' market?", 'answer': 'Janet sells 16 - 3 - 4 = <<16-3-4=9>>9 duck eggs a day.\nShe makes 9 * 2 = $<<9*2=18>>18 every day at the farmer’s market.\n#### 18'}
Setting up model for run 1...
Loading model from facebook/opt-350m...
Preparing for patch training...
Starting patch training with patch_size=4, lambda_ratio=0.75
Starting Phase 1: Patch Training (patch_size=4) for 2 epochs
{'loss': 29.1311, 'grad_norm': 36.55225372314453, 'learning_rate': 1.8e-05, 'epoch': 0.04}
{'loss': 24.6241, 'grad_norm': 27.481355667114258, 'learning_rate': 3.8e-05, 'epoch': 0.09}
{'loss': 22.2053, 'grad_norm': 33.82930374145508, 'learning_rate': 5.8e-05, 'epoch': 0.13}
{'loss': 20.4051, 'grad_norm': 28.936206817626953, 'learning_rate': 7.800000000000001e-05, 'epoch': 0.17}
{'loss': 19.6525, 'grad_norm': 22.316165924072266, 'learning_rate': 9.8e-05, 'epoch': 0.21}
{'loss': 19.1013, 'grad_norm': 22.072322845458984, 'learning_rate': 0.000118, 'epoch': 0.26}
{'loss': 18.7777, 'grad_norm': 22.530054092407227, 'learning_rate': 0.000138, 'epoch': 0.3}
{'loss': 18.3604, 'grad_norm': 21.03285789489746, 'learning_rate': 0.00015800000000000002, 'epoch': 0.34}
{'loss': 18.0204, 'grad_norm': 22.869728088378906, 'learning_rate': 0.00017800000000000002, 'epoch': 0.39}
{'loss': 17.9468, 'grad_norm': 20.303422927856445, 'learning_rate': 0.00019800000000000002, 'epoch': 0.43}
{'loss': 17.7474, 'grad_norm': 17.587860107421875, 'learning_rate': 0.0001951086956521739, 'epoch': 0.47}
{'loss': 17.6509, 'grad_norm': 23.112459182739258, 'learning_rate': 0.0001896739130434783, 'epoch': 0.51}
{'loss': 17.4621, 'grad_norm': 17.877822875976562, 'learning_rate': 0.00018423913043478263, 'epoch': 0.56}
{'loss': 17.1765, 'grad_norm': 16.031965255737305, 'learning_rate': 0.00017880434782608696, 'epoch': 0.6}
{'loss': 17.2272, 'grad_norm': 19.43036651611328, 'learning_rate': 0.00017336956521739132, 'epoch': 0.64}
{'loss': 16.9579, 'grad_norm': 17.17062759399414, 'learning_rate': 0.00016793478260869566, 'epoch': 0.68}
{'loss': 16.856, 'grad_norm': 16.1878604888916, 'learning_rate': 0.00016250000000000002, 'epoch': 0.73}
{'loss': 16.702, 'grad_norm': 15.079842567443848, 'learning_rate': 0.00015706521739130435, 'epoch': 0.77}
{'loss': 16.8286, 'grad_norm': 17.293746948242188, 'learning_rate': 0.0001516304347826087, 'epoch': 0.81}
{'loss': 16.7759, 'grad_norm': 15.751306533813477, 'learning_rate': 0.00014619565217391305, 'epoch': 0.86}
{'eval_loss': 4.113255977630615, 'eval_runtime': 13.9477, 'eval_samples_per_second': 94.568, 'eval_steps_per_second': 11.83, 'epoch': 0.86}
{'loss': 16.7723, 'grad_norm': 14.31119441986084, 'learning_rate': 0.00014076086956521739, 'epoch': 0.9}
{'loss': 16.5133, 'grad_norm': 14.754256248474121, 'learning_rate': 0.00013532608695652175, 'epoch': 0.94}
{'loss': 16.3005, 'grad_norm': 16.060428619384766, 'learning_rate': 0.0001298913043478261, 'epoch': 0.98}
{'loss': 15.4663, 'grad_norm': 15.787151336669922, 'learning_rate': 0.00012445652173913044, 'epoch': 1.03}
{'loss': 15.2803, 'grad_norm': 15.56869125366211, 'learning_rate': 0.00011902173913043479, 'epoch': 1.07}
{'loss': 15.384, 'grad_norm': 13.602106094360352, 'learning_rate': 0.00011358695652173914, 'epoch': 1.11}
{'loss': 15.1919, 'grad_norm': 14.27054500579834, 'learning_rate': 0.00010815217391304349, 'epoch': 1.15}
{'loss': 15.1023, 'grad_norm': 14.72123908996582, 'learning_rate': 0.00010271739130434784, 'epoch': 1.2}
{'loss': 15.0771, 'grad_norm': 15.135658264160156, 'learning_rate': 9.728260869565217e-05, 'epoch': 1.24}
{'loss': 15.0727, 'grad_norm': 14.344587326049805, 'learning_rate': 9.184782608695652e-05, 'epoch': 1.28}
{'loss': 14.9372, 'grad_norm': 14.174132347106934, 'learning_rate': 8.641304347826087e-05, 'epoch': 1.33}
{'loss': 14.9243, 'grad_norm': 13.991771697998047, 'learning_rate': 8.097826086956523e-05, 'epoch': 1.37}
{'loss': 14.8523, 'grad_norm': 13.610079765319824, 'learning_rate': 7.554347826086957e-05, 'epoch': 1.41}
{'loss': 14.8626, 'grad_norm': 15.002422332763672, 'learning_rate': 7.010869565217391e-05, 'epoch': 1.45}
{'loss': 14.9891, 'grad_norm': 13.984292984008789, 'learning_rate': 6.467391304347826e-05, 'epoch': 1.5}
{'loss': 14.7664, 'grad_norm': 15.971439361572266, 'learning_rate': 5.923913043478261e-05, 'epoch': 1.54}
{'loss': 14.9453, 'grad_norm': 13.879598617553711, 'learning_rate': 5.380434782608695e-05, 'epoch': 1.58}
{'loss': 14.5743, 'grad_norm': 14.54822063446045, 'learning_rate': 4.836956521739131e-05, 'epoch': 1.62}
{'loss': 14.7413, 'grad_norm': 13.588094711303711, 'learning_rate': 4.2934782608695655e-05, 'epoch': 1.67}
{'loss': 14.6786, 'grad_norm': 18.048418045043945, 'learning_rate': 3.7500000000000003e-05, 'epoch': 1.71}
{'eval_loss': 3.868140459060669, 'eval_runtime': 13.5489, 'eval_samples_per_second': 97.351, 'eval_steps_per_second': 12.178, 'epoch': 1.71}
{'loss': 14.5576, 'grad_norm': 12.125480651855469, 'learning_rate': 3.2065217391304345e-05, 'epoch': 1.75}
{'loss': 14.6044, 'grad_norm': 11.187291145324707, 'learning_rate': 2.66304347826087e-05, 'epoch': 1.8}
{'loss': 14.6765, 'grad_norm': 11.51976490020752, 'learning_rate': 2.1195652173913045e-05, 'epoch': 1.84}
{'loss': 14.4334, 'grad_norm': 11.832958221435547, 'learning_rate': 1.5760869565217393e-05, 'epoch': 1.88}
{'loss': 14.6134, 'grad_norm': 12.424694061279297, 'learning_rate': 1.032608695652174e-05, 'epoch': 1.92}
{'loss': 14.4904, 'grad_norm': 12.214397430419922, 'learning_rate': 4.891304347826087e-06, 'epoch': 1.97}
{'train_runtime': 525.9945, 'train_samples_per_second': 28.415, 'train_steps_per_second': 0.89, 'train_loss': 16.723750742072735, 'epoch': 2.0}
Starting Phase 2: Standard Training (patch_size=1) for 1 epochs
{'loss': 3.6401, 'grad_norm': 5.4037556648254395, 'learning_rate': 1.8e-05, 'epoch': 0.04}
{'loss': 2.5328, 'grad_norm': 3.5242533683776855, 'learning_rate': 3.8e-05, 'epoch': 0.09}
{'loss': 2.1502, 'grad_norm': 3.467399835586548, 'learning_rate': 5.8e-05, 'epoch': 0.13}
{'loss': 1.9061, 'grad_norm': 2.9544451236724854, 'learning_rate': 7.800000000000001e-05, 'epoch': 0.17}
{'loss': 1.8364, 'grad_norm': 3.1896493434906006, 'learning_rate': 9.8e-05, 'epoch': 0.21}
{'loss': 1.7737, 'grad_norm': 3.019209623336792, 'learning_rate': 0.000118, 'epoch': 0.26}
{'loss': 1.7428, 'grad_norm': 2.8301141262054443, 'learning_rate': 0.000138, 'epoch': 0.3}
{'loss': 1.6625, 'grad_norm': 3.3849737644195557, 'learning_rate': 0.00015800000000000002, 'epoch': 0.34}
{'loss': 1.6375, 'grad_norm': 3.0362305641174316, 'learning_rate': 0.00017800000000000002, 'epoch': 0.39}
{'loss': 1.6441, 'grad_norm': 3.0367791652679443, 'learning_rate': 0.00019800000000000002, 'epoch': 0.43}
{'loss': 1.6383, 'grad_norm': 3.0626327991485596, 'learning_rate': 0.00018656716417910448, 'epoch': 0.47}
{'loss': 1.6325, 'grad_norm': 2.765165090560913, 'learning_rate': 0.00017164179104477614, 'epoch': 0.51}
{'loss': 1.5906, 'grad_norm': 2.4990615844726562, 'learning_rate': 0.00015671641791044778, 'epoch': 0.56}
{'loss': 1.5477, 'grad_norm': 2.506188154220581, 'learning_rate': 0.00014179104477611942, 'epoch': 0.6}
{'loss': 1.5462, 'grad_norm': 2.279202938079834, 'learning_rate': 0.00012686567164179105, 'epoch': 0.64}
{'loss': 1.5253, 'grad_norm': 2.6649649143218994, 'learning_rate': 0.00011194029850746269, 'epoch': 0.68}
{'loss': 1.4784, 'grad_norm': 2.325850009918213, 'learning_rate': 9.701492537313434e-05, 'epoch': 0.73}
{'loss': 1.4403, 'grad_norm': 2.0970914363861084, 'learning_rate': 8.208955223880597e-05, 'epoch': 0.77}
{'loss': 1.4948, 'grad_norm': 2.1629717350006104, 'learning_rate': 6.716417910447762e-05, 'epoch': 0.81}
{'loss': 1.4732, 'grad_norm': 2.0733282566070557, 'learning_rate': 5.223880597014925e-05, 'epoch': 0.86}
{'eval_loss': 1.477694034576416, 'eval_runtime': 56.1172, 'eval_samples_per_second': 23.504, 'eval_steps_per_second': 2.94, 'epoch': 0.86}
{'loss': 1.4627, 'grad_norm': 1.8284968137741089, 'learning_rate': 3.73134328358209e-05, 'epoch': 0.9}
{'loss': 1.4054, 'grad_norm': 1.8569713830947876, 'learning_rate': 2.238805970149254e-05, 'epoch': 0.94}
{'loss': 1.3871, 'grad_norm': 1.9468340873718262, 'learning_rate': 7.4626865671641785e-06, 'epoch': 0.98}
{'train_runtime': 1015.5679, 'train_samples_per_second': 7.358, 'train_steps_per_second': 0.23, 'train_loss': 1.7399732557117429, 'epoch': 1.0}
Evaluating model for run 1...

Metrics for run 2 (seed 1):
rouge1: 0.2918
rouge2: 0.1137
rougeL: 0.2156
rougeLsum: 0.2729
average_perplexity: 211910.7711
average_loss: 12.2639
==============================================

Setting up data processing for run 2...
Dataset({
    features: ['question', 'answer'],
    num_rows: 1319
})
{'question': "Janet’s ducks lay 16 eggs per day. She eats three for breakfast every morning and bakes muffins for her friends every day with four. She sells the remainder at the farmers' market daily for $2 per fresh duck egg. How much in dollars does she make every day at the farmers' market?", 'answer': 'Janet sells 16 - 3 - 4 = <<16-3-4=9>>9 duck eggs a day.\nShe makes 9 * 2 = $<<9*2=18>>18 every day at the farmer’s market.\n#### 18'}
Setting up model for run 2...
Loading model from facebook/opt-350m...
Preparing for patch training...
Starting patch training with patch_size=4, lambda_ratio=0.75
Starting Phase 1: Patch Training (patch_size=4) for 2 epochs
{'loss': 29.3402, 'grad_norm': 35.065547943115234, 'learning_rate': 1.8e-05, 'epoch': 0.04}
{'loss': 25.0603, 'grad_norm': 27.77286148071289, 'learning_rate': 3.8e-05, 'epoch': 0.09}
{'loss': 23.1082, 'grad_norm': 28.6442928314209, 'learning_rate': 5.8e-05, 'epoch': 0.13}
{'loss': 21.271, 'grad_norm': 22.054779052734375, 'learning_rate': 7.800000000000001e-05, 'epoch': 0.17}
{'loss': 20.4741, 'grad_norm': 23.18975257873535, 'learning_rate': 9.8e-05, 'epoch': 0.21}
{'loss': 19.8888, 'grad_norm': 23.186359405517578, 'learning_rate': 0.000118, 'epoch': 0.26}
{'loss': 19.5214, 'grad_norm': 20.254674911499023, 'learning_rate': 0.000138, 'epoch': 0.3}
{'loss': 19.107, 'grad_norm': 23.72418975830078, 'learning_rate': 0.00015800000000000002, 'epoch': 0.34}
{'loss': 18.794, 'grad_norm': 22.837873458862305, 'learning_rate': 0.00017800000000000002, 'epoch': 0.39}
{'loss': 18.6962, 'grad_norm': 20.052078247070312, 'learning_rate': 0.00019800000000000002, 'epoch': 0.43}
{'loss': 18.4866, 'grad_norm': 17.49192237854004, 'learning_rate': 0.0001951086956521739, 'epoch': 0.47}
{'loss': 18.4242, 'grad_norm': 24.02793312072754, 'learning_rate': 0.0001896739130434783, 'epoch': 0.51}
{'loss': 18.3033, 'grad_norm': 16.394668579101562, 'learning_rate': 0.00018423913043478263, 'epoch': 0.56}
{'loss': 17.9198, 'grad_norm': 14.7978515625, 'learning_rate': 0.00017880434782608696, 'epoch': 0.6}
{'loss': 17.9653, 'grad_norm': 18.237815856933594, 'learning_rate': 0.00017336956521739132, 'epoch': 0.64}
{'loss': 17.8199, 'grad_norm': 17.615781784057617, 'learning_rate': 0.00016793478260869566, 'epoch': 0.68}
{'loss': 17.6303, 'grad_norm': 14.399035453796387, 'learning_rate': 0.00016250000000000002, 'epoch': 0.73}
{'loss': 17.4648, 'grad_norm': 17.4075927734375, 'learning_rate': 0.00015706521739130435, 'epoch': 0.77}
{'loss': 17.573, 'grad_norm': 13.947220802307129, 'learning_rate': 0.0001516304347826087, 'epoch': 0.81}
{'loss': 17.5181, 'grad_norm': 16.14793586730957, 'learning_rate': 0.00014619565217391305, 'epoch': 0.86}
{'eval_loss': 4.306443214416504, 'eval_runtime': 13.9548, 'eval_samples_per_second': 94.519, 'eval_steps_per_second': 11.824, 'epoch': 0.86}
{'loss': 17.5392, 'grad_norm': 14.537755966186523, 'learning_rate': 0.00014076086956521739, 'epoch': 0.9}
{'loss': 17.2669, 'grad_norm': 15.280559539794922, 'learning_rate': 0.00013532608695652175, 'epoch': 0.94}
{'loss': 17.0663, 'grad_norm': 14.640201568603516, 'learning_rate': 0.0001298913043478261, 'epoch': 0.98}
{'loss': 16.2823, 'grad_norm': 15.219917297363281, 'learning_rate': 0.00012445652173913044, 'epoch': 1.03}
{'loss': 16.1392, 'grad_norm': 15.30726432800293, 'learning_rate': 0.00011902173913043479, 'epoch': 1.07}
{'loss': 16.2279, 'grad_norm': 12.525497436523438, 'learning_rate': 0.00011358695652173914, 'epoch': 1.11}
{'loss': 16.0586, 'grad_norm': 15.279304504394531, 'learning_rate': 0.00010815217391304349, 'epoch': 1.15}
{'loss': 15.9947, 'grad_norm': 14.074529647827148, 'learning_rate': 0.00010271739130434784, 'epoch': 1.2}
{'loss': 15.869, 'grad_norm': 15.48585319519043, 'learning_rate': 9.728260869565217e-05, 'epoch': 1.24}
{'loss': 15.8308, 'grad_norm': 14.709484100341797, 'learning_rate': 9.184782608695652e-05, 'epoch': 1.28}
{'loss': 15.7396, 'grad_norm': 13.540972709655762, 'learning_rate': 8.641304347826087e-05, 'epoch': 1.33}
{'loss': 15.7405, 'grad_norm': 13.815786361694336, 'learning_rate': 8.097826086956523e-05, 'epoch': 1.37}
{'loss': 15.7041, 'grad_norm': 14.986695289611816, 'learning_rate': 7.554347826086957e-05, 'epoch': 1.41}
{'loss': 15.719, 'grad_norm': 14.047207832336426, 'learning_rate': 7.010869565217391e-05, 'epoch': 1.45}
{'loss': 15.7731, 'grad_norm': 13.885071754455566, 'learning_rate': 6.467391304347826e-05, 'epoch': 1.5}
{'loss': 15.5304, 'grad_norm': 13.200644493103027, 'learning_rate': 5.923913043478261e-05, 'epoch': 1.54}
{'loss': 15.7753, 'grad_norm': 14.545249938964844, 'learning_rate': 5.380434782608695e-05, 'epoch': 1.58}
{'loss': 15.3553, 'grad_norm': 15.611407279968262, 'learning_rate': 4.836956521739131e-05, 'epoch': 1.62}
{'loss': 15.562, 'grad_norm': 12.268406867980957, 'learning_rate': 4.2934782608695655e-05, 'epoch': 1.67}
{'loss': 15.493, 'grad_norm': 13.980920791625977, 'learning_rate': 3.7500000000000003e-05, 'epoch': 1.71}
{'eval_loss': 4.05360746383667, 'eval_runtime': 13.5355, 'eval_samples_per_second': 97.447, 'eval_steps_per_second': 12.19, 'epoch': 1.71}
{'loss': 15.4251, 'grad_norm': 10.854095458984375, 'learning_rate': 3.2065217391304345e-05, 'epoch': 1.75}
{'loss': 15.4327, 'grad_norm': 11.818202018737793, 'learning_rate': 2.66304347826087e-05, 'epoch': 1.8}
{'loss': 15.5057, 'grad_norm': 12.118349075317383, 'learning_rate': 2.1195652173913045e-05, 'epoch': 1.84}
{'loss': 15.2708, 'grad_norm': 10.883079528808594, 'learning_rate': 1.5760869565217393e-05, 'epoch': 1.88}
{'loss': 15.446, 'grad_norm': 10.651756286621094, 'learning_rate': 1.032608695652174e-05, 'epoch': 1.92}
{'loss': 15.3332, 'grad_norm': 11.03824234008789, 'learning_rate': 4.891304347826087e-06, 'epoch': 1.97}
{'train_runtime': 525.5575, 'train_samples_per_second': 28.438, 'train_steps_per_second': 0.89, 'train_loss': 17.50665977673653, 'epoch': 2.0}
Starting Phase 2: Standard Training (patch_size=1) for 1 epochs
{'loss': 4.9628, 'grad_norm': 7.522033214569092, 'learning_rate': 1.8e-05, 'epoch': 0.04}
{'loss': 3.3049, 'grad_norm': 4.304790496826172, 'learning_rate': 3.8e-05, 'epoch': 0.09}
{'loss': 2.4848, 'grad_norm': 3.7671172618865967, 'learning_rate': 5.8e-05, 'epoch': 0.13}
{'loss': 2.1138, 'grad_norm': 3.378563404083252, 'learning_rate': 7.800000000000001e-05, 'epoch': 0.17}
{'loss': 1.9597, 'grad_norm': 3.3411543369293213, 'learning_rate': 9.8e-05, 'epoch': 0.21}
{'loss': 1.8689, 'grad_norm': 2.9653780460357666, 'learning_rate': 0.000118, 'epoch': 0.26}
{'loss': 1.8195, 'grad_norm': 3.2655608654022217, 'learning_rate': 0.000138, 'epoch': 0.3}
{'loss': 1.7226, 'grad_norm': 4.033591270446777, 'learning_rate': 0.00015800000000000002, 'epoch': 0.34}
{'loss': 1.6984, 'grad_norm': 3.838174343109131, 'learning_rate': 0.00017800000000000002, 'epoch': 0.39}
{'loss': 1.6891, 'grad_norm': 2.895554304122925, 'learning_rate': 0.00019800000000000002, 'epoch': 0.43}
{'loss': 1.6752, 'grad_norm': 2.62203311920166, 'learning_rate': 0.00018656716417910448, 'epoch': 0.47}
{'loss': 1.6584, 'grad_norm': 2.7015902996063232, 'learning_rate': 0.00017164179104477614, 'epoch': 0.51}
{'loss': 1.6281, 'grad_norm': 2.645902156829834, 'learning_rate': 0.00015671641791044778, 'epoch': 0.56}
{'loss': 1.5718, 'grad_norm': 2.422593355178833, 'learning_rate': 0.00014179104477611942, 'epoch': 0.6}
{'loss': 1.5634, 'grad_norm': 2.350285768508911, 'learning_rate': 0.00012686567164179105, 'epoch': 0.64}
{'loss': 1.5518, 'grad_norm': 2.5618245601654053, 'learning_rate': 0.00011194029850746269, 'epoch': 0.68}
{'loss': 1.4981, 'grad_norm': 2.301774024963379, 'learning_rate': 9.701492537313434e-05, 'epoch': 0.73}
{'loss': 1.4632, 'grad_norm': 2.1192920207977295, 'learning_rate': 8.208955223880597e-05, 'epoch': 0.77}
{'loss': 1.5155, 'grad_norm': 2.1509177684783936, 'learning_rate': 6.716417910447762e-05, 'epoch': 0.81}
{'loss': 1.493, 'grad_norm': 2.061535120010376, 'learning_rate': 5.223880597014925e-05, 'epoch': 0.86}
{'eval_loss': 1.4905693531036377, 'eval_runtime': 56.7927, 'eval_samples_per_second': 23.225, 'eval_steps_per_second': 2.905, 'epoch': 0.86}
{'loss': 1.483, 'grad_norm': 1.894377589225769, 'learning_rate': 3.73134328358209e-05, 'epoch': 0.9}
{'loss': 1.4262, 'grad_norm': 1.8384517431259155, 'learning_rate': 2.238805970149254e-05, 'epoch': 0.94}
{'loss': 1.404, 'grad_norm': 1.9027291536331177, 'learning_rate': 7.4626865671641785e-06, 'epoch': 0.98}
{'train_runtime': 1018.2395, 'train_samples_per_second': 7.339, 'train_steps_per_second': 0.23, 'train_loss': 1.8858640356960459, 'epoch': 1.0}
Evaluating model for run 2...

Metrics for run 3 (seed 2):
rouge1: 0.3183
rouge2: 0.1277
rougeL: 0.2347
rougeLsum: 0.2978
average_perplexity: 159629.3640
average_loss: 11.9806
==============================================

Setting up data processing for run 3...
Dataset({
    features: ['question', 'answer'],
    num_rows: 1319
})
{'question': "Janet’s ducks lay 16 eggs per day. She eats three for breakfast every morning and bakes muffins for her friends every day with four. She sells the remainder at the farmers' market daily for $2 per fresh duck egg. How much in dollars does she make every day at the farmers' market?", 'answer': 'Janet sells 16 - 3 - 4 = <<16-3-4=9>>9 duck eggs a day.\nShe makes 9 * 2 = $<<9*2=18>>18 every day at the farmer’s market.\n#### 18'}
Setting up model for run 3...
Loading model from facebook/opt-350m...
Preparing for patch training...
Starting patch training with patch_size=4, lambda_ratio=0.75
Starting Phase 1: Patch Training (patch_size=4) for 2 epochs
{'loss': 29.3271, 'grad_norm': 35.6944465637207, 'learning_rate': 1.8e-05, 'epoch': 0.04}
{'loss': 25.0353, 'grad_norm': 27.547164916992188, 'learning_rate': 3.8e-05, 'epoch': 0.09}
{'loss': 23.0544, 'grad_norm': 29.186904907226562, 'learning_rate': 5.8e-05, 'epoch': 0.13}
{'loss': 21.2321, 'grad_norm': 22.573698043823242, 'learning_rate': 7.800000000000001e-05, 'epoch': 0.17}
{'loss': 20.4347, 'grad_norm': 23.614212036132812, 'learning_rate': 9.8e-05, 'epoch': 0.21}
{'loss': 19.8266, 'grad_norm': 22.935916900634766, 'learning_rate': 0.000118, 'epoch': 0.26}
{'loss': 19.4707, 'grad_norm': 21.583486557006836, 'learning_rate': 0.000138, 'epoch': 0.3}
{'loss': 19.0626, 'grad_norm': 23.71442222595215, 'learning_rate': 0.00015800000000000002, 'epoch': 0.34}
{'loss': 18.7488, 'grad_norm': 20.114519119262695, 'learning_rate': 0.00017800000000000002, 'epoch': 0.39}
{'loss': 18.6364, 'grad_norm': 19.41693878173828, 'learning_rate': 0.00019800000000000002, 'epoch': 0.43}
{'loss': 18.4877, 'grad_norm': 18.4766788482666, 'learning_rate': 0.0001951086956521739, 'epoch': 0.47}
{'loss': 18.3712, 'grad_norm': 18.651819229125977, 'learning_rate': 0.0001896739130434783, 'epoch': 0.51}
{'loss': 18.2762, 'grad_norm': 19.69011116027832, 'learning_rate': 0.00018423913043478263, 'epoch': 0.56}
{'loss': 17.869, 'grad_norm': 14.883679389953613, 'learning_rate': 0.00017880434782608696, 'epoch': 0.6}
{'loss': 17.9135, 'grad_norm': 20.42105484008789, 'learning_rate': 0.00017336956521739132, 'epoch': 0.64}
{'loss': 17.7236, 'grad_norm': 17.964879989624023, 'learning_rate': 0.00016793478260869566, 'epoch': 0.68}
{'loss': 17.5775, 'grad_norm': 15.487953186035156, 'learning_rate': 0.00016250000000000002, 'epoch': 0.73}
{'loss': 17.3655, 'grad_norm': 15.454170227050781, 'learning_rate': 0.00015706521739130435, 'epoch': 0.77}
{'loss': 17.5359, 'grad_norm': 14.998212814331055, 'learning_rate': 0.0001516304347826087, 'epoch': 0.81}
{'loss': 17.4701, 'grad_norm': 15.872034072875977, 'learning_rate': 0.00014619565217391305, 'epoch': 0.86}
{'eval_loss': 4.293070316314697, 'eval_runtime': 13.8732, 'eval_samples_per_second': 95.075, 'eval_steps_per_second': 11.893, 'epoch': 0.86}
{'loss': 17.4765, 'grad_norm': 14.89398193359375, 'learning_rate': 0.00014076086956521739, 'epoch': 0.9}
{'loss': 17.1883, 'grad_norm': 16.051273345947266, 'learning_rate': 0.00013532608695652175, 'epoch': 0.94}
{'loss': 17.002, 'grad_norm': 15.430522918701172, 'learning_rate': 0.0001298913043478261, 'epoch': 0.98}
{'loss': 16.2249, 'grad_norm': 15.119264602661133, 'learning_rate': 0.00012445652173913044, 'epoch': 1.03}
{'loss': 16.0692, 'grad_norm': 15.141912460327148, 'learning_rate': 0.00011902173913043479, 'epoch': 1.07}
{'loss': 16.1788, 'grad_norm': 14.105883598327637, 'learning_rate': 0.00011358695652173914, 'epoch': 1.11}
{'loss': 15.9925, 'grad_norm': 14.07787799835205, 'learning_rate': 0.00010815217391304349, 'epoch': 1.15}
{'loss': 15.8982, 'grad_norm': 13.97981071472168, 'learning_rate': 0.00010271739130434784, 'epoch': 1.2}
{'loss': 15.8318, 'grad_norm': 15.325200080871582, 'learning_rate': 9.728260869565217e-05, 'epoch': 1.24}
{'loss': 15.7975, 'grad_norm': 15.465009689331055, 'learning_rate': 9.184782608695652e-05, 'epoch': 1.28}
{'loss': 15.6647, 'grad_norm': 13.219645500183105, 'learning_rate': 8.641304347826087e-05, 'epoch': 1.33}
{'loss': 15.6688, 'grad_norm': 13.458439826965332, 'learning_rate': 8.097826086956523e-05, 'epoch': 1.37}
{'loss': 15.6313, 'grad_norm': 15.298733711242676, 'learning_rate': 7.554347826086957e-05, 'epoch': 1.41}
{'loss': 15.6338, 'grad_norm': 14.622270584106445, 'learning_rate': 7.010869565217391e-05, 'epoch': 1.45}
{'loss': 15.7069, 'grad_norm': 15.391067504882812, 'learning_rate': 6.467391304347826e-05, 'epoch': 1.5}
{'loss': 15.4788, 'grad_norm': 13.903328895568848, 'learning_rate': 5.923913043478261e-05, 'epoch': 1.54}
{'loss': 15.7292, 'grad_norm': 13.924427032470703, 'learning_rate': 5.380434782608695e-05, 'epoch': 1.58}
{'loss': 15.2653, 'grad_norm': 16.500398635864258, 'learning_rate': 4.836956521739131e-05, 'epoch': 1.62}
{'loss': 15.5057, 'grad_norm': 12.55518913269043, 'learning_rate': 4.2934782608695655e-05, 'epoch': 1.67}
{'loss': 15.4075, 'grad_norm': 14.547719955444336, 'learning_rate': 3.7500000000000003e-05, 'epoch': 1.71}
{'eval_loss': 4.034055233001709, 'eval_runtime': 13.6168, 'eval_samples_per_second': 96.866, 'eval_steps_per_second': 12.117, 'epoch': 1.71}
{'loss': 15.3516, 'grad_norm': 11.419804573059082, 'learning_rate': 3.2065217391304345e-05, 'epoch': 1.75}
{'loss': 15.3573, 'grad_norm': 11.370039939880371, 'learning_rate': 2.66304347826087e-05, 'epoch': 1.8}
{'loss': 15.4332, 'grad_norm': 11.939956665039062, 'learning_rate': 2.1195652173913045e-05, 'epoch': 1.84}
{'loss': 15.1823, 'grad_norm': 11.0890474319458, 'learning_rate': 1.5760869565217393e-05, 'epoch': 1.88}
{'loss': 15.365, 'grad_norm': 10.78551197052002, 'learning_rate': 1.032608695652174e-05, 'epoch': 1.92}
{'loss': 15.2746, 'grad_norm': 14.260981559753418, 'learning_rate': 4.891304347826087e-06, 'epoch': 1.97}
{'train_runtime': 528.303, 'train_samples_per_second': 28.291, 'train_steps_per_second': 0.886, 'train_loss': 17.44774958618686, 'epoch': 2.0}
Starting Phase 2: Standard Training (patch_size=1) for 1 epochs
{'loss': 4.9476, 'grad_norm': 8.21619701385498, 'learning_rate': 1.8e-05, 'epoch': 0.04}
{'loss': 3.2549, 'grad_norm': 4.450888156890869, 'learning_rate': 3.8e-05, 'epoch': 0.09}
{'loss': 2.4771, 'grad_norm': 3.8010103702545166, 'learning_rate': 5.8e-05, 'epoch': 0.13}
{'loss': 2.0959, 'grad_norm': 3.011732339859009, 'learning_rate': 7.800000000000001e-05, 'epoch': 0.17}
{'loss': 1.9568, 'grad_norm': 3.4542975425720215, 'learning_rate': 9.8e-05, 'epoch': 0.21}
{'loss': 1.8711, 'grad_norm': 3.0287818908691406, 'learning_rate': 0.000118, 'epoch': 0.26}
{'loss': 1.8186, 'grad_norm': 2.8869781494140625, 'learning_rate': 0.000138, 'epoch': 0.3}
{'loss': 1.7212, 'grad_norm': 3.9568097591400146, 'learning_rate': 0.00015800000000000002, 'epoch': 0.34}
{'loss': 1.691, 'grad_norm': 3.3051304817199707, 'learning_rate': 0.00017800000000000002, 'epoch': 0.39}
{'loss': 1.6991, 'grad_norm': 2.771078586578369, 'learning_rate': 0.00019800000000000002, 'epoch': 0.43}
{'loss': 1.6825, 'grad_norm': 3.0184922218322754, 'learning_rate': 0.00018656716417910448, 'epoch': 0.47}
{'loss': 1.6617, 'grad_norm': 2.8218133449554443, 'learning_rate': 0.00017164179104477614, 'epoch': 0.51}
{'loss': 1.637, 'grad_norm': 2.5391998291015625, 'learning_rate': 0.00015671641791044778, 'epoch': 0.56}
{'loss': 1.574, 'grad_norm': 2.430842638015747, 'learning_rate': 0.00014179104477611942, 'epoch': 0.6}
{'loss': 1.5675, 'grad_norm': 2.2865166664123535, 'learning_rate': 0.00012686567164179105, 'epoch': 0.64}
{'loss': 1.5525, 'grad_norm': 2.6290266513824463, 'learning_rate': 0.00011194029850746269, 'epoch': 0.68}
{'loss': 1.5044, 'grad_norm': 2.213186025619507, 'learning_rate': 9.701492537313434e-05, 'epoch': 0.73}
{'loss': 1.4644, 'grad_norm': 2.166954755783081, 'learning_rate': 8.208955223880597e-05, 'epoch': 0.77}
{'loss': 1.5183, 'grad_norm': 2.0957040786743164, 'learning_rate': 6.716417910447762e-05, 'epoch': 0.81}
{'loss': 1.4934, 'grad_norm': 2.2240378856658936, 'learning_rate': 5.223880597014925e-05, 'epoch': 0.86}
{'eval_loss': 1.491608738899231, 'eval_runtime': 57.7537, 'eval_samples_per_second': 22.838, 'eval_steps_per_second': 2.857, 'epoch': 0.86}
{'loss': 1.4833, 'grad_norm': 1.8991936445236206, 'learning_rate': 3.73134328358209e-05, 'epoch': 0.9}
{'loss': 1.4266, 'grad_norm': 1.8463068008422852, 'learning_rate': 2.238805970149254e-05, 'epoch': 0.94}
{'loss': 1.4065, 'grad_norm': 1.8912813663482666, 'learning_rate': 7.4626865671641785e-06, 'epoch': 0.98}
{'train_runtime': 1023.0849, 'train_samples_per_second': 7.304, 'train_steps_per_second': 0.229, 'train_loss': 1.8836412409431913, 'epoch': 1.0}
Evaluating model for run 3...

Metrics for run 4 (seed 3):
rouge1: 0.3073
rouge2: 0.1285
rougeL: 0.2196
rougeLsum: 0.2844
average_perplexity: 162686.0115
average_loss: 11.9996
==============================================

Setting up data processing for run 4...
Dataset({
    features: ['question', 'answer'],
    num_rows: 1319
})
{'question': "Janet’s ducks lay 16 eggs per day. She eats three for breakfast every morning and bakes muffins for her friends every day with four. She sells the remainder at the farmers' market daily for $2 per fresh duck egg. How much in dollars does she make every day at the farmers' market?", 'answer': 'Janet sells 16 - 3 - 4 = <<16-3-4=9>>9 duck eggs a day.\nShe makes 9 * 2 = $<<9*2=18>>18 every day at the farmer’s market.\n#### 18'}
Setting up model for run 4...
Loading model from facebook/opt-350m...
Preparing for patch training...
Starting patch training with patch_size=4, lambda_ratio=0.75
Starting Phase 1: Patch Training (patch_size=4) for 2 epochs
{'loss': 29.4523, 'grad_norm': 31.356224060058594, 'learning_rate': 1.8e-05, 'epoch': 0.04}
{'loss': 25.2556, 'grad_norm': 29.30551528930664, 'learning_rate': 3.8e-05, 'epoch': 0.09}
{'loss': 23.3308, 'grad_norm': 21.942420959472656, 'learning_rate': 5.8e-05, 'epoch': 0.13}
{'loss': 21.5819, 'grad_norm': 22.409116744995117, 'learning_rate': 7.800000000000001e-05, 'epoch': 0.17}
{'loss': 20.706, 'grad_norm': 20.97252082824707, 'learning_rate': 9.8e-05, 'epoch': 0.21}
{'loss': 20.1844, 'grad_norm': 19.12813377380371, 'learning_rate': 0.000118, 'epoch': 0.26}
{'loss': 19.9149, 'grad_norm': 18.947315216064453, 'learning_rate': 0.000138, 'epoch': 0.3}
{'loss': 19.476, 'grad_norm': 18.210773468017578, 'learning_rate': 0.00015800000000000002, 'epoch': 0.34}
{'loss': 19.2172, 'grad_norm': 19.954893112182617, 'learning_rate': 0.00017800000000000002, 'epoch': 0.39}
{'loss': 19.0365, 'grad_norm': 16.941722869873047, 'learning_rate': 0.00019800000000000002, 'epoch': 0.43}
{'loss': 18.9103, 'grad_norm': 15.819543838500977, 'learning_rate': 0.0001951086956521739, 'epoch': 0.47}
{'loss': 18.8531, 'grad_norm': 15.116800308227539, 'learning_rate': 0.0001896739130434783, 'epoch': 0.51}
{'loss': 18.668, 'grad_norm': 15.673796653747559, 'learning_rate': 0.00018423913043478263, 'epoch': 0.56}
{'loss': 18.4064, 'grad_norm': 17.494720458984375, 'learning_rate': 0.00017880434782608696, 'epoch': 0.6}
{'loss': 18.395, 'grad_norm': 13.473649024963379, 'learning_rate': 0.00017336956521739132, 'epoch': 0.64}
{'loss': 18.2558, 'grad_norm': 17.201021194458008, 'learning_rate': 0.00016793478260869566, 'epoch': 0.68}
{'loss': 18.1585, 'grad_norm': 14.246604919433594, 'learning_rate': 0.00016250000000000002, 'epoch': 0.73}
{'loss': 17.9457, 'grad_norm': 15.586604118347168, 'learning_rate': 0.00015706521739130435, 'epoch': 0.77}
{'loss': 18.0418, 'grad_norm': 13.529690742492676, 'learning_rate': 0.0001516304347826087, 'epoch': 0.81}
{'loss': 17.9247, 'grad_norm': 13.773213386535645, 'learning_rate': 0.00014619565217391305, 'epoch': 0.86}
{'eval_loss': 4.431334018707275, 'eval_runtime': 16.6028, 'eval_samples_per_second': 79.444, 'eval_steps_per_second': 9.938, 'epoch': 0.86}
{'loss': 18.0016, 'grad_norm': 12.468245506286621, 'learning_rate': 0.00014076086956521739, 'epoch': 0.9}
{'loss': 17.7326, 'grad_norm': 14.6619234085083, 'learning_rate': 0.00013532608695652175, 'epoch': 0.94}
{'loss': 17.5155, 'grad_norm': 16.076480865478516, 'learning_rate': 0.0001298913043478261, 'epoch': 0.98}
{'loss': 16.7469, 'grad_norm': 14.773348808288574, 'learning_rate': 0.00012445652173913044, 'epoch': 1.03}
{'loss': 16.5795, 'grad_norm': 11.92208194732666, 'learning_rate': 0.00011902173913043479, 'epoch': 1.07}
{'loss': 16.6724, 'grad_norm': 12.99409294128418, 'learning_rate': 0.00011358695652173914, 'epoch': 1.11}
{'loss': 16.4934, 'grad_norm': 12.910888671875, 'learning_rate': 0.00010815217391304349, 'epoch': 1.15}
{'loss': 16.4608, 'grad_norm': 11.224339485168457, 'learning_rate': 0.00010271739130434784, 'epoch': 1.2}
{'loss': 16.3404, 'grad_norm': 12.557475090026855, 'learning_rate': 9.728260869565217e-05, 'epoch': 1.24}
{'loss': 16.3798, 'grad_norm': 13.9188871383667, 'learning_rate': 9.184782608695652e-05, 'epoch': 1.28}
{'loss': 16.2534, 'grad_norm': 11.935739517211914, 'learning_rate': 8.641304347826087e-05, 'epoch': 1.33}
{'loss': 16.2352, 'grad_norm': 12.338217735290527, 'learning_rate': 8.097826086956523e-05, 'epoch': 1.37}
{'loss': 16.193, 'grad_norm': 10.777205467224121, 'learning_rate': 7.554347826086957e-05, 'epoch': 1.41}
{'loss': 16.1403, 'grad_norm': 15.936995506286621, 'learning_rate': 7.010869565217391e-05, 'epoch': 1.45}
{'loss': 16.2897, 'grad_norm': 13.145849227905273, 'learning_rate': 6.467391304347826e-05, 'epoch': 1.5}
{'loss': 16.0671, 'grad_norm': 12.391672134399414, 'learning_rate': 5.923913043478261e-05, 'epoch': 1.54}
{'loss': 16.1776, 'grad_norm': 13.165310859680176, 'learning_rate': 5.380434782608695e-05, 'epoch': 1.58}
{'loss': 15.9114, 'grad_norm': 12.168380737304688, 'learning_rate': 4.836956521739131e-05, 'epoch': 1.62}
{'loss': 15.9864, 'grad_norm': 11.53177547454834, 'learning_rate': 4.2934782608695655e-05, 'epoch': 1.67}
{'loss': 16.0155, 'grad_norm': 12.467238426208496, 'learning_rate': 3.7500000000000003e-05, 'epoch': 1.71}
{'eval_loss': 4.166266441345215, 'eval_runtime': 15.9907, 'eval_samples_per_second': 82.485, 'eval_steps_per_second': 10.318, 'epoch': 1.71}
{'loss': 15.9212, 'grad_norm': 11.056953430175781, 'learning_rate': 3.2065217391304345e-05, 'epoch': 1.75}
{'loss': 15.9399, 'grad_norm': 10.433106422424316, 'learning_rate': 2.66304347826087e-05, 'epoch': 1.8}
{'loss': 15.9766, 'grad_norm': 10.996770858764648, 'learning_rate': 2.1195652173913045e-05, 'epoch': 1.84}
{'loss': 15.7022, 'grad_norm': 10.40048885345459, 'learning_rate': 1.5760869565217393e-05, 'epoch': 1.88}
{'loss': 15.8833, 'grad_norm': 11.260046005249023, 'learning_rate': 1.032608695652174e-05, 'epoch': 1.92}
{'loss': 15.8126, 'grad_norm': 10.80196762084961, 'learning_rate': 4.891304347826087e-06, 'epoch': 1.97}
{'train_runtime': 599.4797, 'train_samples_per_second': 24.932, 'train_steps_per_second': 0.781, 'train_loss': 17.93532197088258, 'epoch': 2.0}
Starting Phase 2: Standard Training (patch_size=1) for 1 epochs
{'loss': 4.8304, 'grad_norm': 6.5340046882629395, 'learning_rate': 1.8e-05, 'epoch': 0.04}
{'loss': 3.2929, 'grad_norm': 4.354295253753662, 'learning_rate': 3.8e-05, 'epoch': 0.09}
{'loss': 2.5058, 'grad_norm': 3.4703187942504883, 'learning_rate': 5.8e-05, 'epoch': 0.13}
{'loss': 2.1199, 'grad_norm': 3.316200017929077, 'learning_rate': 7.800000000000001e-05, 'epoch': 0.17}
{'loss': 1.9789, 'grad_norm': 3.406484365463257, 'learning_rate': 9.8e-05, 'epoch': 0.21}
{'loss': 1.8902, 'grad_norm': 2.998345136642456, 'learning_rate': 0.000118, 'epoch': 0.26}
{'loss': 1.837, 'grad_norm': 2.9784324169158936, 'learning_rate': 0.000138, 'epoch': 0.3}
{'loss': 1.7404, 'grad_norm': 3.403461456298828, 'learning_rate': 0.00015800000000000002, 'epoch': 0.34}
{'loss': 1.7061, 'grad_norm': 2.548407554626465, 'learning_rate': 0.00017800000000000002, 'epoch': 0.39}
{'loss': 1.7061, 'grad_norm': 3.0495686531066895, 'learning_rate': 0.00019800000000000002, 'epoch': 0.43}
{'loss': 1.6907, 'grad_norm': 2.67910099029541, 'learning_rate': 0.00018656716417910448, 'epoch': 0.47}
{'loss': 1.6761, 'grad_norm': 2.6900835037231445, 'learning_rate': 0.00017164179104477614, 'epoch': 0.51}
{'loss': 1.6436, 'grad_norm': 2.5145671367645264, 'learning_rate': 0.00015671641791044778, 'epoch': 0.56}
{'loss': 1.5869, 'grad_norm': 2.5089449882507324, 'learning_rate': 0.00014179104477611942, 'epoch': 0.6}
{'loss': 1.5764, 'grad_norm': 2.329033613204956, 'learning_rate': 0.00012686567164179105, 'epoch': 0.64}
{'loss': 1.5632, 'grad_norm': 2.652493953704834, 'learning_rate': 0.00011194029850746269, 'epoch': 0.68}
{'loss': 1.5145, 'grad_norm': 2.2940592765808105, 'learning_rate': 9.701492537313434e-05, 'epoch': 0.73}
{'loss': 1.4732, 'grad_norm': 1.9619548320770264, 'learning_rate': 8.208955223880597e-05, 'epoch': 0.77}
{'loss': 1.5236, 'grad_norm': 1.9933927059173584, 'learning_rate': 6.716417910447762e-05, 'epoch': 0.81}
{'loss': 1.4987, 'grad_norm': 1.9885677099227905, 'learning_rate': 5.223880597014925e-05, 'epoch': 0.86}
{'eval_loss': 1.4908124208450317, 'eval_runtime': 69.1945, 'eval_samples_per_second': 19.062, 'eval_steps_per_second': 2.385, 'epoch': 0.86}
{'loss': 1.4907, 'grad_norm': 1.7894234657287598, 'learning_rate': 3.73134328358209e-05, 'epoch': 0.9}
{'loss': 1.4358, 'grad_norm': 1.703550934791565, 'learning_rate': 2.238805970149254e-05, 'epoch': 0.94}
{'loss': 1.4105, 'grad_norm': 1.954290747642517, 'learning_rate': 7.4626865671641785e-06, 'epoch': 0.98}
{'train_runtime': 1241.6901, 'train_samples_per_second': 6.018, 'train_steps_per_second': 0.188, 'train_loss': 1.8916991918514936, 'epoch': 1.0}
Evaluating model for run 4...

Metrics for run 5 (seed 4):
rouge1: 0.3064
rouge2: 0.1241
rougeL: 0.2201
rougeLsum: 0.2864
average_perplexity: 187833.3645
average_loss: 12.1433
==============================================

Aggregate Statistics:
rouge1:
  Mean: 0.3074
  Std:  0.0089
rouge2:
  Mean: 0.1254
  Std:  0.0065
rougeL:
  Mean: 0.2235
  Std:  0.0068
rougeLsum:
  Mean: 0.2868
  Std:  0.0084
average_perplexity:
  Mean: 180446.8439
  Std:  18938.9973
average_loss:
  Mean: 12.0978
  Std:  0.1030
